Archive member included because of file (symbol)

/opt/gcc-arm-none-eabi/bin/../lib/gcc/arm-none-eabi/4.8.4/../../../../arm-none-eabi/lib/armv7e-m/fpu/libc_s.a(lib_a-assert.o)
                              build/Libraries/chip/mt7687/src/common/flash_sfc.o (__assert_func)
/opt/gcc-arm-none-eabi/bin/../lib/gcc/arm-none-eabi/4.8.4/../../../../arm-none-eabi/lib/armv7e-m/fpu/libc_s.a(lib_a-fprintf.o)
                              /opt/gcc-arm-none-eabi/bin/../lib/gcc/arm-none-eabi/4.8.4/../../../../arm-none-eabi/lib/armv7e-m/fpu/libc_s.a(lib_a-assert.o) (fiprintf)
/opt/gcc-arm-none-eabi/bin/../lib/gcc/arm-none-eabi/4.8.4/../../../../arm-none-eabi/lib/armv7e-m/fpu/libc_s.a(lib_a-impure.o)
                              /opt/gcc-arm-none-eabi/bin/../lib/gcc/arm-none-eabi/4.8.4/../../../../arm-none-eabi/lib/armv7e-m/fpu/libc_s.a(lib_a-assert.o) (_impure_ptr)
/opt/gcc-arm-none-eabi/bin/../lib/gcc/arm-none-eabi/4.8.4/../../../../arm-none-eabi/lib/armv7e-m/fpu/libc_s.a(lib_a-memcpy-stub.o)
                              build/Libraries/chip/mt7687/src/common/flash_sfc.o (memcpy)
/opt/gcc-arm-none-eabi/bin/../lib/gcc/arm-none-eabi/4.8.4/../../../../arm-none-eabi/lib/armv7e-m/fpu/libc_s.a(lib_a-memset.o)
                              build/Libraries/chip/mt7687/src/hal_adc.o (memset)
/opt/gcc-arm-none-eabi/bin/../lib/gcc/arm-none-eabi/4.8.4/../../../../arm-none-eabi/lib/armv7e-m/fpu/libc_s.a(lib_a-printf.o)
                              build/Libraries/chip/mt7687/src/common/dma.o (printf)
/opt/gcc-arm-none-eabi/bin/../lib/gcc/arm-none-eabi/4.8.4/../../../../arm-none-eabi/lib/armv7e-m/fpu/libc_s.a(lib_a-putenv.o)
                              build/kernel/components/libc/newlib/libc.o (putenv)
/opt/gcc-arm-none-eabi/bin/../lib/gcc/arm-none-eabi/4.8.4/../../../../arm-none-eabi/lib/armv7e-m/fpu/libc_s.a(lib_a-putenv_r.o)
                              /opt/gcc-arm-none-eabi/bin/../lib/gcc/arm-none-eabi/4.8.4/../../../../arm-none-eabi/lib/armv7e-m/fpu/libc_s.a(lib_a-putenv.o) (_putenv_r)
/opt/gcc-arm-none-eabi/bin/../lib/gcc/arm-none-eabi/4.8.4/../../../../arm-none-eabi/lib/armv7e-m/fpu/libc_s.a(lib_a-setenv_r.o)
                              /opt/gcc-arm-none-eabi/bin/../lib/gcc/arm-none-eabi/4.8.4/../../../../arm-none-eabi/lib/armv7e-m/fpu/libc_s.a(lib_a-putenv_r.o) (_setenv_r)
/opt/gcc-arm-none-eabi/bin/../lib/gcc/arm-none-eabi/4.8.4/../../../../arm-none-eabi/lib/armv7e-m/fpu/libc_s.a(lib_a-strchr.o)
                              /opt/gcc-arm-none-eabi/bin/../lib/gcc/arm-none-eabi/4.8.4/../../../../arm-none-eabi/lib/armv7e-m/fpu/libc_s.a(lib_a-putenv_r.o) (strchr)
/opt/gcc-arm-none-eabi/bin/../lib/gcc/arm-none-eabi/4.8.4/../../../../arm-none-eabi/lib/armv7e-m/fpu/libc_s.a(lib_a-strcmp.o)
                              /opt/gcc-arm-none-eabi/bin/../lib/gcc/arm-none-eabi/4.8.4/../../../../arm-none-eabi/lib/armv7e-m/fpu/libc_s.a(lib_a-setenv_r.o) (strcmp)
/opt/gcc-arm-none-eabi/bin/../lib/gcc/arm-none-eabi/4.8.4/../../../../arm-none-eabi/lib/armv7e-m/fpu/libc_s.a(lib_a-strdup_r.o)
                              /opt/gcc-arm-none-eabi/bin/../lib/gcc/arm-none-eabi/4.8.4/../../../../arm-none-eabi/lib/armv7e-m/fpu/libc_s.a(lib_a-putenv_r.o) (_strdup_r)
/opt/gcc-arm-none-eabi/bin/../lib/gcc/arm-none-eabi/4.8.4/../../../../arm-none-eabi/lib/armv7e-m/fpu/libc_s.a(lib_a-strlen.o)
                              build/Libraries/chip/mt7687/src_core/hal_sleep_manager.o (strlen)
/opt/gcc-arm-none-eabi/bin/../lib/gcc/arm-none-eabi/4.8.4/../../../../arm-none-eabi/lib/armv7e-m/fpu/libc_s.a(lib_a-strncmp.o)
                              /opt/gcc-arm-none-eabi/bin/../lib/gcc/arm-none-eabi/4.8.4/../../../../arm-none-eabi/lib/armv7e-m/fpu/libc_s.a(lib_a-setenv_r.o) (strncmp)
/opt/gcc-arm-none-eabi/bin/../lib/gcc/arm-none-eabi/4.8.4/../../../../arm-none-eabi/lib/armv7e-m/fpu/libc_s.a(lib_a-tzset.o)
                              /opt/gcc-arm-none-eabi/bin/../lib/gcc/arm-none-eabi/4.8.4/../../../../arm-none-eabi/lib/armv7e-m/fpu/libc_s.a(lib_a-setenv_r.o) (tzset)
/opt/gcc-arm-none-eabi/bin/../lib/gcc/arm-none-eabi/4.8.4/../../../../arm-none-eabi/lib/armv7e-m/fpu/libc_s.a(lib_a-tzset_r.o)
                              /opt/gcc-arm-none-eabi/bin/../lib/gcc/arm-none-eabi/4.8.4/../../../../arm-none-eabi/lib/armv7e-m/fpu/libc_s.a(lib_a-tzset.o) (_tzset_r)
/opt/gcc-arm-none-eabi/bin/../lib/gcc/arm-none-eabi/4.8.4/../../../../arm-none-eabi/lib/armv7e-m/fpu/libc_s.a(lib_a-tzvars.o)
                              /opt/gcc-arm-none-eabi/bin/../lib/gcc/arm-none-eabi/4.8.4/../../../../arm-none-eabi/lib/armv7e-m/fpu/libc_s.a(lib_a-tzset_r.o) (_timezone)
/opt/gcc-arm-none-eabi/bin/../lib/gcc/arm-none-eabi/4.8.4/../../../../arm-none-eabi/lib/armv7e-m/fpu/libc_s.a(lib_a-vfprintf.o)
                              /opt/gcc-arm-none-eabi/bin/../lib/gcc/arm-none-eabi/4.8.4/../../../../arm-none-eabi/lib/armv7e-m/fpu/libc_s.a(lib_a-fprintf.o) (_vfprintf_r)
[...]
Memory Configuration

Name             Origin             Length             Attributes
ROM_CODE         0x00000000         0x00005000         axr
ROM_BL           0x10000000         0x00008000         axr
RESERVED         0x10008000         0x00008000         ar
N9_CODE          0x10010000         0x00069000         ar
XIP_CODE         0x10079000         0x000bf000         axr
ROM_FOTA         0x10138000         0x000bf000         ar
ROM_NVDM         0x101f7000         0x00009000         ar
TCMRAM           0x00100000         0x00010000         arw
SYSRAM           0x20000000         0x0003fc00         arw
*default*        0x00000000         0xffffffff

Linker script and memory map

LOAD /opt/gcc-arm-none-eabi/bin/../lib/gcc/arm-none-eabi/4.8.4/../../../../arm-none-eabi/lib/armv7e-m/fpu/libnosys.a
LOAD /opt/gcc-arm-none-eabi/bin/../lib/gcc/arm-none-eabi/4.8.4/../../../../arm-none-eabi/lib/armv7e-m/fpu/libm.a
LOAD /opt/gcc-arm-none-eabi/bin/../lib/gcc/arm-none-eabi/4.8.4/armv7e-m/fpu/libgcc.a
LOAD /opt/gcc-arm-none-eabi/bin/../lib/gcc/arm-none-eabi/4.8.4/../../../../arm-none-eabi/lib/armv7e-m/fpu/libc_s.a
                0x10079000                __FLASH_segment_start__ = ORIGIN (XIP_CODE)
                0x10138000                __FLASH_segment_end__ = (__FLASH_segment_start__ + 0xbf000)
                0x20000000                __SRAM_segment_start__ = ORIGIN (SYSRAM)
                0x2003fc00                __SRAM_segment_end__ = (__SRAM_segment_start__ + 0x3fc00)
                0x10079000                . = ORIGIN (XIP_CODE)

.text           0x10079000     0x3980
                0x10079000                _text_start = .
 *(.init)
 .init          0x10079000       0x90 build/Libraries/startup/mt7687/gcc/startup_mt7687.o
                0x10079000                Reset_Handler
 *(.fini)
 *(.text*)
 .text.get_sf_lock
                0x10079090       0x48 build/Libraries/chip/mt7687/src/common/flash_sfc.o
                0x10079090                get_sf_lock
 .text.free_sf_lock
                0x100790d8       0x38 build/Libraries/chip/mt7687/src/common/flash_sfc.o
                0x100790d8                free_sf_lock
 .text.retrieve_sf_lock
                0x10079110        0xc build/Libraries/chip/mt7687/src/common/flash_sfc.o
                0x10079110                retrieve_sf_lock
 .text.GPT_INT_Handler
                0x1007911c       0x34 build/Libraries/chip/mt7687/src/common/gpt.o
                0x1007911c                GPT_INT_Handler
 .text.GPT_init
                0x10079150       0xb4 build/Libraries/chip/mt7687/src/common/gpt.o
                0x10079150                GPT_init
 .text.GPT_return_current_count
                0x10079204       0x44 build/Libraries/chip/mt7687/src/common/gpt.o
                0x10079204                GPT_return_current_count
 .text.CM4_GPT2Init
                0x10079248        0xa build/Libraries/chip/mt7687/src/common/gpt.o
                0x10079248                CM4_GPT2Init
 .text.CM4_GPT4Init
                0x10079252        0xa build/Libraries/chip/mt7687/src/common/gpt.o
                0x10079252                CM4_GPT4Init
 .text.halGPIO_ConfDirection
                0x1007925c      0x138 build/Libraries/chip/mt7687/src/common/hal_gpio_7687.o
                0x1007925c                halGPIO_ConfDirection
 .text.halPinmuxTopOnPadFunc
                0x10079394      0x19c build/Libraries/chip/mt7687/src/common/hal_pinmux.o
                0x10079394                halPinmuxTopOnPadFunc
 .text.pinmux_config
                0x10079530       0xc6 build/Libraries/chip/mt7687/src/common/pinmux.o
                0x10079530                pinmux_config
 .text.get_current_count
                0x100795f6        0x6 build/Libraries/chip/mt7687/src/common/timer.o
                0x100795f6                get_current_count
 .text.get_current_gpt4_count
                0x100795fc        0x6 build/Libraries/chip/mt7687/src/common/timer.o
                0x100795fc                get_current_gpt4_count
 *fill*         0x10079602        0x2 
 .text.clear_TMR_INT_status_bit
                0x10079604       0x18 build/Libraries/chip/mt7687/src/common/timer.o
                0x10079604                clear_TMR_INT_status_bit
 .text.top_xtal_init
                0x1007961c       0x98 build/Libraries/chip/mt7687/src/common/top.o
                0x1007961c                top_xtal_init
 .text.top_xtal_freq_get
                0x100796b4        0xc build/Libraries/chip/mt7687/src/common/top.o
                0x100796b4                top_xtal_freq_get
 .text.top_mcu_freq_get
                0x100796c0        0xc build/Libraries/chip/mt7687/src/common/top.o
                0x100796c0                top_mcu_freq_get
 .text.cmnPLL1ON
                0x100796cc       0x48 build/Libraries/chip/mt7687/src/common/top.o
                0x100796cc                cmnPLL1ON
 .text.halUART_SetFormat
                0x10079714      0x118 build/Libraries/chip/mt7687/src/common/uart.o
                0x10079714                halUART_SetFormat
 .text.halUART_HWInit
                0x1007982c       0x34 build/Libraries/chip/mt7687/src/common/uart.o
                0x1007982c                halUART_HWInit
 .text.uart_set_sleep_mode
                0x10079860       0x1c build/Libraries/chip/mt7687/src/common/uart.o
                0x10079860                uart_set_sleep_mode
 .text.uart_reset_default_value
                0x1007987c       0x58 build/Libraries/chip/mt7687/src/common/uart.o
                0x1007987c                uart_reset_default_value
 .text.log_hal_error_internal
                0x100798d4        0x6 build/Libraries/chip/mt7687/src/hal_log.o
                0x100798d4                log_hal_error_internal
 .text.log_hal_info_internal
                0x100798da        0x6 build/Libraries/chip/mt7687/src/hal_log.o
                0x100798da                log_hal_info_internal
 .text.hal_cache_enable
                0x100798e0       0x28 build/Libraries/chip/mt7687/src/hal_cache.o
                0x100798e0                hal_cache_enable
 .text.hal_cache_disable
                0x10079908       0x44 build/Libraries/chip/mt7687/src/hal_cache.o
                0x10079908                hal_cache_disable
 .text.hal_cache_invalidate_all_cache_lines
                0x1007994c       0x34 build/Libraries/chip/mt7687/src/hal_cache.o
                0x1007994c                hal_cache_invalidate_all_cache_lines
 .text.hal_nvic_enable_irq
                0x10079980       0x28 build/Libraries/chip/mt7687/src/hal_nvic.o
                0x10079980                hal_nvic_enable_irq
 .text.hal_nvic_set_priority
                0x100799a8       0x20 build/Libraries/chip/mt7687/src/hal_nvic.o
                0x100799a8                hal_nvic_set_priority
 .text.hal_nvic_register_isr_handler
                0x100799c8       0x4c build/Libraries/chip/mt7687/src/hal_nvic.o
                0x100799c8                hal_nvic_register_isr_handler
 .text.hal_pinmux_set_function
                0x10079a14       0x22 build/Libraries/chip/mt7687/src/hal_gpio.o
                0x10079a14                hal_pinmux_set_function
 *fill*         0x10079a36        0x2 
 .text.hal_gpt_get_free_run_count
                0x10079a38       0x98 build/Libraries/chip/mt7687/src/hal_gpt.o
                0x10079a38                hal_gpt_get_free_run_count
 .text.hal_uart_is_config_valid
                0x10079ad0       0x2c build/Libraries/chip/mt7687/src/hal_uart.o
 .text.hal_uart_set_format
                0x10079afc       0xb8 build/Libraries/chip/mt7687/src/hal_uart.o
                0x10079afc                hal_uart_set_format
 .text.hal_uart_init
                0x10079bb4       0x94 build/Libraries/chip/mt7687/src/hal_uart.o
                0x10079bb4                hal_uart_init
 .text.sleepdrv_get_mutex
                0x10079c48       0x2c build/Libraries/chip/mt7687/src_core/hal_sleep_driver.o
                0x10079c48                sleepdrv_get_mutex
 .text.sleepdrv_release_mutex
                0x10079c74       0x1c build/Libraries/chip/mt7687/src_core/hal_sleep_driver.o
                0x10079c74                sleepdrv_release_mutex
 .text.sleepdrv_get_handle
                0x10079c90       0x4c build/Libraries/chip/mt7687/src_core/hal_sleep_driver.o
                0x10079c90                sleepdrv_get_handle
 .text.hal_sleep_manager_set_sleep_handle
                0x10079cdc       0x14 build/Libraries/chip/mt7687/src_core/hal_sleep_manager.o
                0x10079cdc                hal_sleep_manager_set_sleep_handle
 .text.customer_flash_suspend_bit
                0x10079cf0        0x4 build/Libraries/board/mt76x7_hdk/external_flash/src/bsp_flash_config.o
                0x10079cf0                customer_flash_suspend_bit
 .text.customer_switch_spi_mode_command
                0x10079cf4        0x8 build/Libraries/board/mt76x7_hdk/external_flash/src/bsp_flash_config.o
                0x10079cf4                customer_switch_spi_mode_command
 .text.customer_switch_spiq_mode_command
                0x10079cfc        0x8 build/Libraries/board/mt76x7_hdk/external_flash/src/bsp_flash_config.o
                0x10079cfc                customer_switch_spiq_mode_command
 .text.customer_flash_read_SR2_comand
                0x10079d04        0x4 build/Libraries/board/mt76x7_hdk/external_flash/src/bsp_flash_config.o
                0x10079d04                customer_flash_read_SR2_comand
 .text.customer_flash_register
                0x10079d08        0x4 build/Libraries/board/mt76x7_hdk/external_flash/src/bsp_flash_config.o
                0x10079d08                customer_flash_register
 .text.SysTick_Set
                0x10079d0c       0x28 build/Libraries/startup/mt7687/gcc/system_mt7687.o
                0x10079d0c                SysTick_Set
 .text.SystemCoreClockUpdate
                0x10079d34       0x10 build/Libraries/startup/mt7687/gcc/system_mt7687.o
                0x10079d34                SystemCoreClockUpdate
 .text.SystemInit
                0x10079d44       0x24 build/Libraries/startup/mt7687/gcc/system_mt7687.o
                0x10079d44                SystemInit
 .text.CachePreInit
                0x10079d68       0x34 build/Libraries/startup/mt7687/gcc/system_mt7687.o
                0x10079d68                CachePreInit
 .text.startup.main
                0x10079d9c       0x6c build/Libraries/startup/mt7687/gcc/main.o
                0x10079d9c                main
 .text          0x10079e08       0x14 build/Libraries/startup/mt7687/gcc/startup_mt7687.o
                0x10079e08                NMI_Handler
                0x10079e0c                MemManage_Handler
                0x10079e0e                BusFault_Handler
                0x10079e10                UsageFault_Handler
                0x10079e12                SVC_Handler
                0x10079e14                DebugMon_Handler
                0x10079e18                SysTick_Handler
                0x10079e1a                Default_Handler
 .text.rt_tick_get
                0x10079e1c        0xc build/kernel/src/clock.o
                0x10079e1c                rt_tick_get
 .text.rt_device_write
                0x10079e28       0x4c build/kernel/src/device.o
                0x10079e28                rt_device_write
 .text.rt_ipc_list_suspend
                0x10079e74       0x50 build/kernel/src/ipc.o
 .text.rt_sem_take
                0x10079ec4       0xd8 build/kernel/src/ipc.o
                0x10079ec4                rt_sem_take
 .text.rt_sem_release
                0x10079f9c       0x36 build/kernel/src/ipc.o
                0x10079f9c                rt_sem_release
 *fill*         0x10079fd2        0x2 
 .text.rt_interrupt_get_nest
                0x10079fd4        0xc build/kernel/src/irq.o
                0x10079fd4                rt_interrupt_get_nest
 .text.print_number
                0x10079fe0      0x168 build/kernel/src/kservice.o
 .text.rt_set_errno
                0x1007a148       0x20 build/kernel/src/kservice.o
                0x1007a148                rt_set_errno
 .text.rt_strlen
                0x1007a168       0x10 build/kernel/src/kservice.o
                0x1007a168                rt_strlen
 .text.rt_vsnprintf
                0x1007a178      0x290 build/kernel/src/kservice.o
                0x1007a178                rt_vsnprintf
 .text.rt_console_get_device
                0x1007a408        0xc build/kernel/src/kservice.o
                0x1007a408                rt_console_get_device
 .text.rt_hw_console_output
                0x1007a414        0x2 build/kernel/src/kservice.o
                0x1007a414                rt_hw_console_output
 *fill*         0x1007a416        0x2 
 .text.rt_kprintf
                0x1007a418       0x50 build/kernel/src/kservice.o
                0x1007a418                rt_kprintf
 .text.__rt_ffs
                0x1007a468       0x38 build/kernel/src/kservice.o
                0x1007a468                __rt_ffs
 .text.rt_assert_handler
                0x1007a4a0       0x38 build/kernel/src/kservice.o
                0x1007a4a0                rt_assert_handler
 .text.plug_holes
                0x1007a4d8       0xa4 build/kernel/src/mem.o
 .text.rt_malloc
                0x1007a57c      0x1bc build/kernel/src/mem.o
                0x1007a57c                rt_malloc
 .text.rt_free  0x1007a738      0x10c build/kernel/src/mem.o
                0x1007a738                rt_free
 .text.rt_schedule
                0x1007a844       0xc0 build/kernel/src/scheduler.o
                0x1007a844                rt_schedule
 .text.rt_schedule_insert_thread
                0x1007a904       0x58 build/kernel/src/scheduler.o
                0x1007a904                rt_schedule_insert_thread
 .text.rt_schedule_remove_thread
                0x1007a95c       0x60 build/kernel/src/scheduler.o
                0x1007a95c                rt_schedule_remove_thread
 .text.rt_thread_self
                0x1007a9bc        0xc build/kernel/src/thread.o
                0x1007a9bc                rt_thread_self
 .text.rt_thread_suspend
                0x1007a9c8       0x4c build/kernel/src/thread.o
                0x1007a9c8                rt_thread_suspend
 .text.rt_thread_resume
                0x1007aa14       0x5c build/kernel/src/thread.o
                0x1007aa14                rt_thread_resume
 .text._rt_timer_remove
                0x1007aa70       0x16 build/kernel/src/timer.o
 *fill*         0x1007aa86        0x2 
 .text.rt_timer_start
                0x1007aa88       0xac build/kernel/src/timer.o
                0x1007aa88                rt_timer_start
 .text.rt_timer_stop
                0x1007ab34       0x44 build/kernel/src/timer.o
                0x1007ab34                rt_timer_stop
 .text.rt_timer_control
                0x1007ab78       0x4c build/kernel/src/timer.o
                0x1007ab78                rt_timer_control
 .text.rt_hw_hard_fault_exception
                0x1007abc4       0x8c build/kernel/libcpu/arm/cortex-m4/cpuport.o
                0x1007abc4                rt_hw_hard_fault_exception
 .text          0x1007ac50      0x114 build/kernel/libcpu/arm/cortex-m4/context_gcc.o
                0x1007ac50                rt_hw_interrupt_disable
                0x1007ac58                rt_hw_interrupt_enable
                0x1007ac5e                rt_hw_context_switch_interrupt
                0x1007ac5e                rt_hw_context_switch
                0x1007ac7e                PendSV_Handler
                0x1007acea                rt_hw_context_switch_to
                0x1007ad2c                rt_hw_interrupt_thread_switch
                0x1007ad30                HardFault_Handler
 .text._close_r
                0x1007ad64        0x4 build/kernel/components/libc/newlib/syscalls.o
                0x1007ad64                _close_r
 .text._fstat_r
                0x1007ad68        0xa build/kernel/components/libc/newlib/syscalls.o
                0x1007ad68                _fstat_r
 .text._isatty_r
                0x1007ad72       0x10 build/kernel/components/libc/newlib/syscalls.o
                0x1007ad72                _isatty_r
 .text._lseek_r
                0x1007ad82        0x4 build/kernel/components/libc/newlib/syscalls.o
                0x1007ad82                _lseek_r
 .text._read_r  0x1007ad86        0x4 build/kernel/components/libc/newlib/syscalls.o
                0x1007ad86                _read_r
 .text._write_r
                0x1007ad8a       0x22 build/kernel/components/libc/newlib/syscalls.o
                0x1007ad8a                _write_r
 .text._malloc_r
                0x1007adac       0x12 build/kernel/components/libc/newlib/syscalls.o
                0x1007adac                _malloc_r
 .text._free_r  0x1007adbe        0x6 build/kernel/components/libc/newlib/syscalls.o
                0x1007adbe                _free_r
 .text.abort    0x1007adc4       0x2c build/kernel/components/libc/newlib/syscalls.o
                0x1007adc4                abort
 .text.__assert_func
                0x1007adf0       0x38 /opt/gcc-arm-none-eabi/bin/../lib/gcc/arm-none-eabi/4.8.4/../../../../arm-none-eabi/lib/armv7e-m/fpu/libc_s.a(lib_a-assert.o)
                0x1007adf0                __assert_func
 .text.fprintf  0x1007ae28       0x24 /opt/gcc-arm-none-eabi/bin/../lib/gcc/arm-none-eabi/4.8.4/../../../../arm-none-eabi/lib/armv7e-m/fpu/libc_s.a(lib_a-fprintf.o)
                0x1007ae28                fprintf
                0x1007ae28                fiprintf
 .text.memcpy   0x1007ae4c       0x12 /opt/gcc-arm-none-eabi/bin/../lib/gcc/arm-none-eabi/4.8.4/../../../../arm-none-eabi/lib/armv7e-m/fpu/libc_s.a(lib_a-memcpy-stub.o)
                0x1007ae4c                memcpy
 .text.memset   0x1007ae5e       0x10 /opt/gcc-arm-none-eabi/bin/../lib/gcc/arm-none-eabi/4.8.4/../../../../arm-none-eabi/lib/armv7e-m/fpu/libc_s.a(lib_a-memset.o)
                0x1007ae5e                memset
 *fill*         0x1007ae6e        0x2 
 .text.printf   0x1007ae70       0x30 /opt/gcc-arm-none-eabi/bin/../lib/gcc/arm-none-eabi/4.8.4/../../../../arm-none-eabi/lib/armv7e-m/fpu/libc_s.a(lib_a-printf.o)
                0x1007ae70                printf
                0x1007ae70                iprintf
 .text.strlen   0x1007aea0       0x10 /opt/gcc-arm-none-eabi/bin/../lib/gcc/arm-none-eabi/4.8.4/../../../../arm-none-eabi/lib/armv7e-m/fpu/libc_s.a(lib_a-strlen.o)
                0x1007aea0                strlen
 .text.__sfputc_r
                0x1007aeb0       0x2c /opt/gcc-arm-none-eabi/bin/../lib/gcc/arm-none-eabi/4.8.4/../../../../arm-none-eabi/lib/armv7e-m/fpu/libc_s.a(lib_a-vfprintf.o)
 .text.__sfputs_r
                0x1007aedc       0x24 /opt/gcc-arm-none-eabi/bin/../lib/gcc/arm-none-eabi/4.8.4/../../../../arm-none-eabi/lib/armv7e-m/fpu/libc_s.a(lib_a-vfprintf.o)
                0x1007aedc                __sfputs_r
 .text._vfprintf_r
                0x1007af00      0x208 /opt/gcc-arm-none-eabi/bin/../lib/gcc/arm-none-eabi/4.8.4/../../../../arm-none-eabi/lib/armv7e-m/fpu/libc_s.a(lib_a-vfprintf.o)
                0x1007af00                _vfiprintf_r
                0x1007af00                _vfprintf_r
 .text._printf_common
                0x1007b108       0xe4 /opt/gcc-arm-none-eabi/bin/../lib/gcc/arm-none-eabi/4.8.4/../../../../arm-none-eabi/lib/armv7e-m/fpu/libc_s.a(lib_a-vfprintf_i.o)
                0x1007b108                _printf_common
 .text._printf_i
                0x1007b1ec      0x228 /opt/gcc-arm-none-eabi/bin/../lib/gcc/arm-none-eabi/4.8.4/../../../../arm-none-eabi/lib/armv7e-m/fpu/libc_s.a(lib_a-vfprintf_i.o)
                0x1007b1ec                _printf_i
 .text.__swbuf_r
                0x1007b414       0xa8 /opt/gcc-arm-none-eabi/bin/../lib/gcc/arm-none-eabi/4.8.4/../../../../arm-none-eabi/lib/armv7e-m/fpu/libc_s.a(lib_a-wbuf.o)
                0x1007b414                __swbuf_r
 .text.__swsetup_r
                0x1007b4bc       0xdc /opt/gcc-arm-none-eabi/bin/../lib/gcc/arm-none-eabi/4.8.4/../../../../arm-none-eabi/lib/armv7e-m/fpu/libc_s.a(lib_a-wsetup.o)
                0x1007b4bc                __swsetup_r
 .text.__sflush_r
                0x1007b598      0x106 /opt/gcc-arm-none-eabi/bin/../lib/gcc/arm-none-eabi/4.8.4/../../../../arm-none-eabi/lib/armv7e-m/fpu/libc_s.a(lib_a-fflush.o)
                0x1007b598                __sflush_r
 *fill*         0x1007b69e        0x2 
 .text._fflush_r
                0x1007b6a0       0x54 /opt/gcc-arm-none-eabi/bin/../lib/gcc/arm-none-eabi/4.8.4/../../../../arm-none-eabi/lib/armv7e-m/fpu/libc_s.a(lib_a-fflush.o)
                0x1007b6a0                _fflush_r
 .text._cleanup_r
                0x1007b6f4       0x32 /opt/gcc-arm-none-eabi/bin/../lib/gcc/arm-none-eabi/4.8.4/../../../../arm-none-eabi/lib/armv7e-m/fpu/libc_s.a(lib_a-findfp.o)
                0x1007b6f4                _cleanup_r
 *fill*         0x1007b726        0x2 
 .text.std.isra.0
                0x1007b728       0x48 /opt/gcc-arm-none-eabi/bin/../lib/gcc/arm-none-eabi/4.8.4/../../../../arm-none-eabi/lib/armv7e-m/fpu/libc_s.a(lib_a-findfp.o)
 .text.__sfmoreglue
                0x1007b770       0x2c /opt/gcc-arm-none-eabi/bin/../lib/gcc/arm-none-eabi/4.8.4/../../../../arm-none-eabi/lib/armv7e-m/fpu/libc_s.a(lib_a-findfp.o)
                0x1007b770                __sfmoreglue
 .text.__sinit  0x1007b79c       0x60 /opt/gcc-arm-none-eabi/bin/../lib/gcc/arm-none-eabi/4.8.4/../../../../arm-none-eabi/lib/armv7e-m/fpu/libc_s.a(lib_a-findfp.o)
                0x1007b79c                __sinit
 .text.__sfp    0x1007b7fc       0x74 /opt/gcc-arm-none-eabi/bin/../lib/gcc/arm-none-eabi/4.8.4/../../../../arm-none-eabi/lib/armv7e-m/fpu/libc_s.a(lib_a-findfp.o)
                0x1007b7fc                __sfp
 .text.__smakebuf_r
                0x1007b870       0x9c /opt/gcc-arm-none-eabi/bin/../lib/gcc/arm-none-eabi/4.8.4/../../../../arm-none-eabi/lib/armv7e-m/fpu/libc_s.a(lib_a-makebuf.o)
                0x1007b870                __smakebuf_r
 .text.memchr   0x1007b90c       0x1e /opt/gcc-arm-none-eabi/bin/../lib/gcc/arm-none-eabi/4.8.4/../../../../arm-none-eabi/lib/armv7e-m/fpu/libc_s.a(lib_a-memchr-stub.o)
                0x1007b90c                memchr
 .text.__sread  0x1007b92a       0x22 /opt/gcc-arm-none-eabi/bin/../lib/gcc/arm-none-eabi/4.8.4/../../../../arm-none-eabi/lib/armv7e-m/fpu/libc_s.a(lib_a-stdio.o)
                0x1007b92a                __sread
 .text.__swrite
                0x1007b94c       0x38 /opt/gcc-arm-none-eabi/bin/../lib/gcc/arm-none-eabi/4.8.4/../../../../arm-none-eabi/lib/armv7e-m/fpu/libc_s.a(lib_a-stdio.o)
                0x1007b94c                __swrite
 .text.__sseek  0x1007b984       0x24 /opt/gcc-arm-none-eabi/bin/../lib/gcc/arm-none-eabi/4.8.4/../../../../arm-none-eabi/lib/armv7e-m/fpu/libc_s.a(lib_a-stdio.o)
                0x1007b984                __sseek
 .text.__sclose
                0x1007b9a8        0x8 /opt/gcc-arm-none-eabi/bin/../lib/gcc/arm-none-eabi/4.8.4/../../../../arm-none-eabi/lib/armv7e-m/fpu/libc_s.a(lib_a-stdio.o)
                0x1007b9a8                __sclose
 .text.__sclose.__stub
                0x1007b9b0       0x20 linker stubs
 *(.text)
 *(.rodata*)
 .rodata.__func__.6939
                0x1007b9d0       0x18 build/Libraries/chip/mt7687/src/common/flash_sfc.o
 .rodata.__func__.6951
                0x1007b9e8       0x1b build/Libraries/chip/mt7687/src/common/flash_sfc.o
 .rodata.str1.1
                0x1007ba03       0x40 build/Libraries/chip/mt7687/src/common/flash_sfc.o
                                 0x42 (size before relaxing)
 .rodata.__func__.6853
                0x1007ba43       0x15 build/Libraries/chip/mt7687/src/common/flash_sfc.o
 .rodata.__func__.6875
                0x1007ba58        0xd build/Libraries/chip/mt7687/src/common/flash_sfc.o
 .rodata.__func__.6870
                0x1007ba65        0xc build/Libraries/chip/mt7687/src/common/flash_sfc.o
 .rodata.__func__.6924
                0x1007ba71       0x12 build/Libraries/chip/mt7687/src/common/flash_sfc.o
 .rodata.str1.1
                0x1007ba83       0x4c build/Libraries/chip/mt7687/src/common/gpt.o
 .rodata.str1.1
                0x1007bacf       0x27 build/Libraries/chip/mt7687/src/common/sfc.o
                                 0x4c (size before relaxing)
 .rodata.CSWTCH.23
                0x1007baf6        0x3 build/Libraries/chip/mt7687/src/common/sfc.o
 .rodata.__func__.7022
                0x1007baf9        0xc build/Libraries/chip/mt7687/src/common/spi_flash.o
 .rodata.cmdlist_switchspi_micron
                0x1007bb05        0x8 build/Libraries/chip/mt7687/src/common/spi_flash.o
                0x1007bb05                cmdlist_switchspi_micron
 .rodata.cmdlist_switchspi_winbond
                0x1007bb0d        0x4 build/Libraries/chip/mt7687/src/common/spi_flash.o
                0x1007bb0d                cmdlist_switchspi_winbond
 .rodata.cmdlist_switchspiq_gd
                0x1007bb11        0x9 build/Libraries/chip/mt7687/src/common/spi_flash.o
                0x1007bb11                cmdlist_switchspiq_gd
 .rodata.cmdlist_flash_reset_spimode
                0x1007bb1a        0x7 build/Libraries/chip/mt7687/src/common/spi_flash.o
                0x1007bb1a                cmdlist_flash_reset_spimode
 .rodata.cmdlist_switchspi_gd
                0x1007bb21        0x9 build/Libraries/chip/mt7687/src/common/spi_flash.o
                0x1007bb21                cmdlist_switchspi_gd
 .rodata.cmdlist_switchspi_gd25q32c
                0x1007bb2a        0x8 build/Libraries/chip/mt7687/src/common/spi_flash.o
                0x1007bb2a                cmdlist_switchspi_gd25q32c
 .rodata.str1.1
                0x1007bb32      0x15c build/Libraries/chip/mt7687/src/common/spi_flash.o
                                0x183 (size before relaxing)
 .rodata.__func__.6880
                0x1007bc8e       0x11 build/Libraries/chip/mt7687/src/common/spi_flash.o
 .rodata.cmdlist_switchspiq_micron
                0x1007bc9f        0x8 build/Libraries/chip/mt7687/src/common/spi_flash.o
                0x1007bc9f                cmdlist_switchspiq_micron
 .rodata.__FUNCTION__.6843
                0x1007bca7       0x13 build/Libraries/chip/mt7687/src/common/spi_flash.o
 .rodata.cmdlist_switchqpi_gd25q32c
                0x1007bcba        0x8 build/Libraries/chip/mt7687/src/common/spi_flash.o
                0x1007bcba                cmdlist_switchqpi_gd25q32c
 .rodata.cmdlist_switchspiq_winbond
                0x1007bcc2        0x9 build/Libraries/chip/mt7687/src/common/spi_flash.o
                0x1007bcc2                cmdlist_switchspiq_winbond
 .rodata.__FUNCTION__.6857
                0x1007bccb        0xd build/Libraries/chip/mt7687/src/common/spi_flash.o
 .rodata.cmdlist_switchspiq_gd25q32c
                0x1007bcd8        0x8 build/Libraries/chip/mt7687/src/common/spi_flash.o
                0x1007bcd8                cmdlist_switchspiq_gd25q32c
 .rodata.__FUNCTION__.6944
                0x1007bce0        0xf build/Libraries/chip/mt7687/src/common/spi_flash.o
 .rodata.cmdlist_switchspiq_mxic
                0x1007bcef        0x8 build/Libraries/chip/mt7687/src/common/spi_flash.o
                0x1007bcef                cmdlist_switchspiq_mxic
 .rodata.cmdlist_flash_reset_qpimode
                0x1007bcf7        0x7 build/Libraries/chip/mt7687/src/common/spi_flash.o
                0x1007bcf7                cmdlist_flash_reset_qpimode
 .rodata.__FUNCTION__.6868
                0x1007bcfe        0xb build/Libraries/chip/mt7687/src/common/spi_flash.o
 .rodata.cmdlist_switchqpi_winbond
                0x1007bd09        0xc build/Libraries/chip/mt7687/src/common/spi_flash.o
                0x1007bd09                cmdlist_switchqpi_winbond
 *fill*         0x1007bd15        0x3 
 .rodata.chips_data
                0x1007bd18      0x138 build/Libraries/chip/mt7687/src/common/spi_flash.o
 .rodata.cmdlist_switchspi_mxic
                0x1007be50        0x8 build/Libraries/chip/mt7687/src/common/spi_flash.o
                0x1007be50                cmdlist_switchspi_mxic
 .rodata        0x1007be58       0x2c build/Libraries/chip/mt7687/src/common/uart.o
 .rodata.str1.1
                0x1007be84        0xc build/Libraries/chip/mt7687/src/common/uart.o
 .rodata.g_uart_sleep_handler_name
                0x1007be90        0x8 build/Libraries/chip/mt7687/src/common/uart.o
                0x1007be90                g_uart_sleep_handler_name
 .rodata.str1.1
                0x1007be98       0x19 build/Libraries/chip/mt7687/src/hal_nvic.o
 .rodata.__FUNCTION__.5061
                0x1007beb1        0xa build/Libraries/chip/mt7687/src/hal_nvic.o
 .rodata.str1.1
                0x1007bebb       0xa0 build/Libraries/chip/mt7687/src/hal_gpt.o
 .rodata.__FUNCTION__.5869
                0x1007bf5b       0x1b build/Libraries/chip/mt7687/src/hal_gpt.o
 *fill*         0x1007bf76        0x2 
 .rodata        0x1007bf78       0x4c build/Libraries/chip/mt7687/src/hal_uart.o
 .rodata.str1.1
                0x1007bfc4       0xab build/Libraries/chip/mt7687/src_core/hal_sleep_driver.o
 .rodata.__FUNCTION__.6207
                0x1007c06f       0x14 build/Libraries/chip/mt7687/src_core/hal_sleep_driver.o
 .rodata.cmdlist_switchspiq_default
                0x1007c083        0x9 build/Libraries/board/mt76x7_hdk/external_flash/src/bsp_flash_config.o
                0x1007c083                cmdlist_switchspiq_default
 .rodata.cmdlist_switchspi_default
                0x1007c08c        0x4 build/Libraries/board/mt76x7_hdk/external_flash/src/bsp_flash_config.o
                0x1007c08c                cmdlist_switchspi_default
 .rodata.str1.1
                0x1007c090       0x3b build/Libraries/startup/mt7687/gcc/main.o
 .rodata.__FUNCTION__.4355
                0x1007c0cb       0x10 build/kernel/src/device.o
 .rodata.str1.1
                0x1007c0db       0x59 build/kernel/src/device.o
 .rodata.str1.1
                0x1007c134       0xc4 build/kernel/src/ipc.o
                                 0xc6 (size before relaxing)
 .rodata.__FUNCTION__.4422
                0x1007c1f8        0xc build/kernel/src/ipc.o
 .rodata.str1.1
                0x1007c204       0xbf build/kernel/src/kservice.o
 .rodata.__lowest_bit_bitmap
                0x1007c2c3      0x100 build/kernel/src/kservice.o
                0x1007c2c3                __lowest_bit_bitmap
 .rodata.small_digits.4536
                0x1007c3c3       0x11 build/kernel/src/kservice.o
 .rodata.large_digits.4537
                0x1007c3d4       0x11 build/kernel/src/kservice.o
 .rodata.__FUNCTION__.4430
                0x1007c3e5        0x8 build/kernel/src/mem.o
 .rodata.str1.1
                0x1007c3ed      0x22a build/kernel/src/mem.o
                                0x250 (size before relaxing)
 .rodata.__FUNCTION__.4381
                0x1007c617        0xb build/kernel/src/mem.o
 .rodata.__FUNCTION__.4399
                0x1007c622        0xa build/kernel/src/mem.o
 .rodata.__FUNCTION__.4404
                0x1007c62c       0x1a build/kernel/src/scheduler.o
 .rodata.__FUNCTION__.4409
                0x1007c646       0x1a build/kernel/src/scheduler.o
 .rodata.str1.1
                0x1007c660       0x61 build/kernel/src/scheduler.o
 .rodata.__FUNCTION__.4376
                0x1007c6c1       0x1a build/kernel/src/scheduler.o
 .rodata.__FUNCTION__.4459
                0x1007c6db       0x11 build/kernel/src/thread.o
 .rodata.str1.1
                0x1007c6ec       0x7a build/kernel/src/thread.o
                                 0x8c (size before relaxing)
 .rodata.__FUNCTION__.4454
                0x1007c766       0x12 build/kernel/src/thread.o
 .rodata.str1.1
                0x1007c778       0x34 build/kernel/src/timer.o
 .rodata.__FUNCTION__.4443
                0x1007c7ac        0xe build/kernel/src/timer.o
 .rodata.__FUNCTION__.4426
                0x1007c7ba        0xf build/kernel/src/timer.o
 .rodata.__FUNCTION__.4449
                0x1007c7c9       0x11 build/kernel/src/timer.o
 .rodata.str1.1
                0x1007c7da       0x8f build/kernel/libcpu/arm/cortex-m4/cpuport.o
                                 0x91 (size before relaxing)
 .rodata.str1.1
                0x1007c869       0x42 build/kernel/components/libc/newlib/syscalls.o
                                 0x44 (size before relaxing)
 .rodata.str1.1
                0x1007c8ab       0x3c /opt/gcc-arm-none-eabi/bin/../lib/gcc/arm-none-eabi/4.8.4/../../../../arm-none-eabi/lib/armv7e-m/fpu/libc_s.a(lib_a-assert.o)
                                 0x3d (size before relaxing)
 .rodata.str1.1
                0x00000000       0x3c /opt/gcc-arm-none-eabi/bin/../lib/gcc/arm-none-eabi/4.8.4/../../../../arm-none-eabi/lib/armv7e-m/fpu/libc_s.a(lib_a-impure.o)
                                  0x2 (size before relaxing)
 *fill*         0x1007c8e7        0x1 
 .rodata._global_impure_ptr
                0x1007c8e8        0x4 /opt/gcc-arm-none-eabi/bin/../lib/gcc/arm-none-eabi/4.8.4/../../../../arm-none-eabi/lib/armv7e-m/fpu/libc_s.a(lib_a-impure.o)
                0x1007c8e8                _global_impure_ptr
 .rodata.str1.1
                0x1007c8ec       0x11 /opt/gcc-arm-none-eabi/bin/../lib/gcc/arm-none-eabi/4.8.4/../../../../arm-none-eabi/lib/armv7e-m/fpu/libc_s.a(lib_a-vfprintf.o)
 .rodata.str1.1
                0x1007c8fd       0x22 /opt/gcc-arm-none-eabi/bin/../lib/gcc/arm-none-eabi/4.8.4/../../../../arm-none-eabi/lib/armv7e-m/fpu/libc_s.a(lib_a-vfprintf_i.o)
 *fill*         0x1007c91f        0x1 
 .rodata.__sf_fake_stdin
                0x1007c920       0x20 /opt/gcc-arm-none-eabi/bin/../lib/gcc/arm-none-eabi/4.8.4/../../../../arm-none-eabi/lib/armv7e-m/fpu/libc_s.a(lib_a-findfp.o)
                0x1007c920                __sf_fake_stdin
 .rodata.__sf_fake_stdout
                0x1007c940       0x20 /opt/gcc-arm-none-eabi/bin/../lib/gcc/arm-none-eabi/4.8.4/../../../../arm-none-eabi/lib/armv7e-m/fpu/libc_s.a(lib_a-findfp.o)
                0x1007c940                __sf_fake_stdout
 .rodata.__sf_fake_stderr
                0x1007c960       0x20 /opt/gcc-arm-none-eabi/bin/../lib/gcc/arm-none-eabi/4.8.4/../../../../arm-none-eabi/lib/armv7e-m/fpu/libc_s.a(lib_a-findfp.o)
                0x1007c960                __sf_fake_stderr
                0x1007c980                _text_end = .
                0x1007c980                . = ALIGN (0x4)

.glue_7         0x1007c980        0x0
 .glue_7        0x00000000        0x0 linker stubs

.glue_7t        0x1007c980        0x0
 .glue_7t       0x00000000        0x0 linker stubs

.vfp11_veneer   0x1007c980        0x0
 .vfp11_veneer  0x00000000        0x0 linker stubs

.v4_bx          0x1007c980        0x0
 .v4_bx         0x00000000        0x0 linker stubs

.iplt           0x1007c980        0x0
 .iplt          0x00000000        0x0 build/Libraries/chip/mt7687/src/common/cos_api.o
                0x1007c980                . = ALIGN (0x4)
                0x1007c980                __etext = .
                0x1007c980                . = ALIGN (0x4)
                0x1007c980                . = ALIGN (0x4)

.data           0x20000000      0x240 load address 0x1007c980
                0x20000000                __data_start__ = .
                0x20000000                _data_start = .
 *(.isr_vector)
 .isr_vector    0x20000000      0x1c0 build/Libraries/startup/mt7687/gcc/startup_mt7687.o
                0x20000000                __isr_vector
                0x200001c0                . = ALIGN (0x4)
 *(.data)
 *(.data*)
 .data.sf_drvier_status
                0x200001c0        0x1 build/Libraries/chip/mt7687/src/common/flash_sfc.o
                0x200001c0                sf_drvier_status
 *fill*         0x200001c1        0x3 
 .data.sf_Mutex
                0x200001c4        0x4 build/Libraries/chip/mt7687/src/common/flash_sfc.o
 .data.cmdlist_resume_winbond
                0x200001c8        0x4 build/Libraries/chip/mt7687/src/common/spi_flash.o
                0x200001c8                cmdlist_resume_winbond
 .data.cmdlist_suspend_winbond
                0x200001cc        0x4 build/Libraries/chip/mt7687/src/common/spi_flash.o
                0x200001cc                cmdlist_suspend_winbond
 .data.gSFC_max_data_size
                0x200001d0        0x4 build/Libraries/chip/mt7687/src/common/spi_flash.o
                0x200001d0                gSFC_max_data_size
 .data.SDMutex  0x200001d4        0x4 build/Libraries/chip/mt7687/src_core/hal_sleep_driver.o
 .data.SystemCoreClock
                0x200001d8        0x4 build/Libraries/startup/mt7687/gcc/system_mt7687.o
                0x200001d8                SystemCoreClock
 .data.impure_data
                0x200001dc       0x60 /opt/gcc-arm-none-eabi/bin/../lib/gcc/arm-none-eabi/4.8.4/../../../../arm-none-eabi/lib/armv7e-m/fpu/libc_s.a(lib_a-impure.o)
 .data._impure_ptr
                0x2000023c        0x4 /opt/gcc-arm-none-eabi/bin/../lib/gcc/arm-none-eabi/4.8.4/../../../../arm-none-eabi/lib/armv7e-m/fpu/libc_s.a(lib_a-impure.o)
                0x2000023c                _impure_ptr
                0x20000240                . = ALIGN (0x4)
                0x20000240                PROVIDE (__preinit_array_start, .)
 *(.preinit_array)
                0x20000240                PROVIDE (__preinit_array_end, .)
                0x20000240                . = ALIGN (0x4)
                0x20000240                PROVIDE (__init_array_start, .)
 *(SORT(.init_array.*))
 *(.init_array)
                0x20000240                PROVIDE (__init_array_end, .)
                0x20000240                . = ALIGN (0x4)
                0x20000240                PROVIDE (__fini_array_start, .)
 *(SORT(.fini_array.*))
 *(.fini_array)
                0x20000240                PROVIDE (__fini_array_end, .)
                0x20000240                _data_end = .
                0x20000240                __data_end__ = .

.igot.plt       0x20000240        0x0 load address 0x1007cbc0
 .igot.plt      0x00000000        0x0 build/Libraries/chip/mt7687/src/common/cos_api.o
                0x20000240                . = ALIGN (0x4)

.bssRandom      0x00100000        0x0
                0x00100000                __bssrandom_start__ = .
 *(.bssRandom)
                0x00100000                __bssrandom_end__ = .
                0x00100000                . = ALIGN (0x4)
                0x1007cbc0                __ramtext_load__ = LOADADDR (.ramTEXT)
                0x00100000                . = ALIGN (0x4)

.ramTEXT        0x00100000     0x1490 load address 0x1007cbc0
                0x00100000                __ramtext_start__ = .
 *(.ramTEXT)
 .ramTEXT       0x00100000      0x35c build/Libraries/chip/mt7687/src/common/flash_sfc.o
                0x00100000                gpt_get_current_time
                0x00100030                SF_DAL_FLAG_BUSY_SET
                0x0010003c                SF_DAL_FLAG_BUSY_CLR
                0x00100048                SF_DAL_FLAG_SUS_SET
                0x00100054                SF_DAL_FLAG_SUS_CLR
                0x00100060                flash_sfc_config
                0x00100080                flash_sfc_read
                0x001000f0                flash_sfc_erase
                0x0010015e                Flash_ReturnReady
                0x001001e4                SF_DAL_CheckDeviceReady
                0x001002c4                SF_DAL_CheckReadyAndResume
 .ramTEXT       0x0010035c        0xe build/Libraries/chip/mt7687/src/common/nvic.o
                0x0010035c                save_and_set_interrupt_mask
                0x00100364                restore_interrupt_mask
 *fill*         0x0010036a        0x2 
 .ramTEXT       0x0010036c      0x378 build/Libraries/chip/mt7687/src/common/sfc.o
                0x0010036c                sfc_GPT_return_current_count
                0x00100378                sfc_get_systime
                0x00100384                sfc_delay_time
                0x0010039c                sfc_delay_ms
                0x001003a2                sfc_getMaxGPRamSize
                0x001003a6                sfc_Init
                0x00100448                sfc_GetDirectMode
                0x0010046c                sfc_direct_read_setup
                0x0010048c                sfc_transfer
                0x00100584                sfc_Command_List
                0x001005d8                sfc_clear_gpram
                0x001005f0                sfc_read
                0x001005fe                sfc_write
                0x00100654                sfc_security_write_crc
                0x00100690                __sfc_write
 .ramTEXT       0x001006e4      0xbcc build/Libraries/chip/mt7687/src/common/spi_flash.o
                0x00100704                flash_suspend_Winbond
                0x00100710                flash_resume_Winbond
                0x0010071c                flash_read_jedec_id
                0x00100736                flash_check_device
                0x00100858                flash_switch_mode
                0x001009a4                flash_config
                0x00100afc                flash_init
                0x00100bc8                flash_read_manu_id
                0x00100be6                flash_read_manu_id_quad
                0x00100c04                flash_read_sr
                0x00100c26                flash_wait_ready
                0x00100c78                flash_read
                0x00100cc4                flash_fast_read
                0x00100d1e                flash_read_sr2
                0x00100d8c                flash_unprotect
                0x00100dc0                flash_protect
                0x00100df2                flash_write_enable
                0x00100e0c                flash_write_disable
                0x00100e26                flash_erase_sector
                0x00100e98                flash_erase_sector_32k
                0x00100f0c                flash_erase_page
                0x00100f80                flash_erase_chip
                0x00100fd4                flash_erase
                0x00101004                flash_write
                0x0010112c                flash_erase_write_security_crc
                0x00101198                flash_erase_write
                0x0010128c                query_spi_flash_status
 .ramTEXT       0x001012b0       0x74 build/Libraries/chip/mt7687/src/common/top.o
                0x001012b0                cmnSerialFlashClkConfToXtal
                0x001012d0                cmnSerialFlashClkConfTo64M
 .ramTEXT       0x00101324       0x58 build/Libraries/chip/mt7687/src/hal_nvic.o
                0x00101324                isrC_main
 *fill*         0x0010137c        0x4 
 .ramTEXT.__stub
                0x00101380      0x110 linker stubs
                0x00101490                __ramtext_end__ = .

.rel.dyn        0x00101490        0x0 load address 0x1007e050
 .rel.iplt      0x00000000        0x0 build/Libraries/chip/mt7687/src/common/cos_api.o
                0x00101490                . = ALIGN (0x4)

.tcmBSS         0x00101490        0x0 load address 0x1007e050
                0x00101490                __tcmbss_start__ = .
 *(.tcmBSS)
                0x00101490                __tcmbss_end__ = .
                0x00101490                . = ALIGN (0x4)

.bss            0x20000240      0x670
                0x20000240                __bss_start__ = .
 *(.bss)
 *(COMMON)
 *(.bss*)
 .bss.NOR_FLASH_BUSY
                0x20000240        0x1 build/Libraries/chip/mt7687/src/common/flash_sfc.o
                0x20000240                NOR_FLASH_BUSY
 .bss.NOR_FLASH_SUSPENDED
                0x20000241        0x1 build/Libraries/chip/mt7687/src/common/flash_sfc.o
                0x20000241                NOR_FLASH_SUSPENDED
 *fill*         0x20000242        0x2 
 .bss.gucFlashSFCMode
                0x20000244        0x4 build/Libraries/chip/mt7687/src/common/flash_sfc.o
                0x20000244                gucFlashSFCMode
 .bss.GPTTimer  0x20000248        0xc build/Libraries/chip/mt7687/src/common/gpt.o
 .bss.g_sfc_security_enable
                0x20000254        0x4 build/Libraries/chip/mt7687/src/common/sfc.o
                0x20000254                g_sfc_security_enable
 .bss.support_flash_id
                0x20000258        0x2 build/Libraries/chip/mt7687/src/common/spi_flash.o
                0x20000258                support_flash_id
 *fill*         0x2000025a        0x2 
 .bss.spi_chip_info
                0x2000025c        0x4 build/Libraries/chip/mt7687/src/common/spi_flash.o
                0x2000025c                spi_chip_info
 .bss.gd_write_sr2_1
                0x20000260        0x4 build/Libraries/chip/mt7687/src/common/spi_flash.o
                0x20000260                gd_write_sr2_1
 .bss.gCpuFrequency
                0x20000264        0x4 build/Libraries/chip/mt7687/src/common/top.o
 .bss.gXtalFreq
                0x20000268        0x4 build/Libraries/chip/mt7687/src/common/top.o
 .bss.gUartClkFreq
                0x2000026c        0x4 build/Libraries/chip/mt7687/src/common/uart.o
                0x2000026c                gUartClkFreq
 .bss.g_cache_con
                0x20000270        0x4 build/Libraries/chip/mt7687/src/hal_cache_internal.o
                0x20000270                g_cache_con
 .bss.nvic_function_table
                0x20000274      0x300 build/Libraries/chip/mt7687/src/hal_nvic.o
                0x20000274                nvic_function_table
 .bss.g_gpt_context
                0x20000574       0x50 build/Libraries/chip/mt7687/src/hal_gpt.o
 .bss.g_uart_send_lock_status
                0x200005c4        0x2 build/Libraries/chip/mt7687/src/hal_uart.o
 *fill*         0x200005c6        0x2 
 .bss.g_uart_context_table
                0x200005c8       0x60 build/Libraries/chip/mt7687/src/hal_uart.o
 .bss.g_uart_frist_send_complete_interrupt
                0x20000628        0x2 build/Libraries/chip/mt7687/src/hal_uart.o
 .bss.g_uart_sleep_handler
                0x2000062a        0x2 build/Libraries/chip/mt7687/src/hal_uart.o
 .bss.sleepdrv  0x2000062c        0xc build/Libraries/chip/mt7687/src_core/hal_sleep_driver.o
                0x2000062c                sleepdrv
 .bss.sleep_driver_handle_array
                0x20000638       0x80 build/Libraries/chip/mt7687/src_core/hal_sleep_driver.o
                0x20000638                sleep_driver_handle_array
 .bss.rt_tick   0x200006b8        0x4 build/kernel/src/clock.o
 .bss.rt_interrupt_nest
                0x200006bc        0x1 build/kernel/src/irq.o
                0x200006bc                rt_interrupt_nest
 *fill*         0x200006bd        0x3 
 .bss._errno    0x200006c0        0x4 build/kernel/src/kservice.o
 .bss.rt_assert_hook
                0x200006c4        0x4 build/kernel/src/kservice.o
                0x200006c4                rt_assert_hook
 .bss._console_device
                0x200006c8        0x4 build/kernel/src/kservice.o
 .bss.rt_log_buf.4647
                0x200006cc       0x80 build/kernel/src/kservice.o
 .bss.lfree     0x2000074c        0x4 build/kernel/src/mem.o
 .bss.used_mem  0x20000750        0x4 build/kernel/src/mem.o
 .bss.mem_size_aligned
                0x20000754        0x4 build/kernel/src/mem.o
 .bss.heap_end  0x20000758        0x4 build/kernel/src/mem.o
 .bss.heap_sem  0x2000075c       0x20 build/kernel/src/mem.o
 .bss.heap_ptr  0x2000077c        0x4 build/kernel/src/mem.o
 .bss.max_mem   0x20000780        0x4 build/kernel/src/mem.o
 .bss.rt_scheduler_lock_nest
                0x20000784        0x2 build/kernel/src/scheduler.o
 *fill*         0x20000786        0x2 
 .bss.rt_current_thread
                0x20000788        0x4 build/kernel/src/scheduler.o
                0x20000788                rt_current_thread
 .bss.rt_thread_priority_table
                0x2000078c      0x100 build/kernel/src/scheduler.o
                0x2000078c                rt_thread_priority_table
 .bss.rt_thread_ready_priority_group
                0x2000088c        0x4 build/kernel/src/scheduler.o
                0x2000088c                rt_thread_ready_priority_group
 .bss.rt_current_priority
                0x20000890        0x1 build/kernel/src/scheduler.o
                0x20000890                rt_current_priority
 *fill*         0x20000891        0x3 
 .bss.rt_timer_list
                0x20000894        0x8 build/kernel/src/timer.o
 .bss.random_nr.4425
                0x2000089c        0x4 build/kernel/src/timer.o
 .bss.rt_interrupt_to_thread
                0x200008a0        0x4 build/kernel/libcpu/arm/cortex-m4/cpuport.o
                0x200008a0                rt_interrupt_to_thread
 .bss.rt_exception_hook
                0x200008a4        0x4 build/kernel/libcpu/arm/cortex-m4/cpuport.o
 .bss.rt_interrupt_from_thread
                0x200008a8        0x4 build/kernel/libcpu/arm/cortex-m4/cpuport.o
                0x200008a8                rt_interrupt_from_thread
 .bss.rt_thread_switch_interrupt_flag
                0x200008ac        0x4 build/kernel/libcpu/arm/cortex-m4/cpuport.o
                0x200008ac                rt_thread_switch_interrupt_flag
                0x200008b0                . = ALIGN (0x4)
                0x200008b0                __bss_end__ = .
                0x200008b0                . = ALIGN (0x4)

.heap           0x200008b0      0x800
                0x200008b0                __end__ = .
                0x200008b0                end = __end__
 *(.heap*)
 .heap          0x200008b0      0x800 build/Libraries/startup/mt7687/gcc/startup_mt7687.o
                0x200008b0                __HeapBase
                0x200010b0                __HeapLimit = .

.stack_dummy    0x200008b0      0xc00
 *(.stack)
 .stack         0x200008b0      0xc00 build/Libraries/startup/mt7687/gcc/startup_mt7687.o
                0x2003fc00                __StackTop = (ORIGIN (SYSRAM) + 0x3fc00)
                0x2003f000                __StackLimit = (__StackTop - SIZEOF (.stack_dummy))
                0x2003fc00                PROVIDE (__stack, __StackTop)
                0x00000001                ASSERT ((__StackLimit >= __HeapLimit), region RAM overflowed with stack)
LOAD build/Libraries/chip/mt7687/src/common/cos_api.o
LOAD build/Libraries/chip/mt7687/src/common/dma.o
LOAD build/Libraries/chip/mt7687/src/common/flash_sfc.o
LOAD build/Libraries/chip/mt7687/src/common/gpt.o
LOAD build/Libraries/chip/mt7687/src/common/hal_I2C.o
LOAD build/Libraries/chip/mt7687/src/common/hal_i2s_internal.o
LOAD build/Libraries/chip/mt7687/src/common/low_hal_irtx.o
LOAD build/Libraries/chip/mt7687/src/common/low_hal_pwm.o
LOAD build/Libraries/chip/mt7687/src/common/hal_gpc.o
LOAD build/Libraries/chip/mt7687/src/common/hal_gpio_7687.o
LOAD build/Libraries/chip/mt7687/src/common/hal_irrx.o
LOAD build/Libraries/chip/mt7687/src/common/hal_lp.o
LOAD build/Libraries/chip/mt7687/src/common/hal_pcnt.o
LOAD build/Libraries/chip/mt7687/src/common/hal_pinmux.o
LOAD build/Libraries/chip/mt7687/src/common/hal_spim.o
LOAD build/Libraries/chip/mt7687/src/common/hal_sys.o
LOAD build/Libraries/chip/mt7687/src/common/hal_trng.o
LOAD build/Libraries/chip/mt7687/src/common/hal_uid.o
LOAD build/Libraries/chip/mt7687/src/common/i2c.o
LOAD build/Libraries/chip/mt7687/src/common/ir_tx.o
LOAD build/Libraries/chip/mt7687/src/common/low_hal_gpio.o
LOAD build/Libraries/chip/mt7687/src/common/low_hal_irrx.o
LOAD build/Libraries/chip/mt7687/src/common/low_hal_rtc.o
LOAD build/Libraries/chip/mt7687/src/common/low_hal_wdt.o
LOAD build/Libraries/chip/mt7687/src/common/nvic.o
LOAD build/Libraries/chip/mt7687/src/common/pinmux.o
LOAD build/Libraries/chip/mt7687/src/common/pwm.o
LOAD build/Libraries/chip/mt7687/src/common/sfc.o
LOAD build/Libraries/chip/mt7687/src/common/spi_flash.o
LOAD build/Libraries/chip/mt7687/src/common/spim.o
LOAD build/Libraries/chip/mt7687/src/common/timer.o
LOAD build/Libraries/chip/mt7687/src/common/top.o
LOAD build/Libraries/chip/mt7687/src/common/uart.o
LOAD build/Libraries/chip/mt7687/src/hal_log.o
LOAD build/Libraries/chip/mt7687/src/hal_adc.o
LOAD build/Libraries/chip/mt7687/src/hal_aes.o
LOAD build/Libraries/chip/mt7687/src/hal_cache.o
LOAD build/Libraries/chip/mt7687/src/hal_cache_internal.o
LOAD build/Libraries/chip/mt7687/src/hal_des.o
LOAD build/Libraries/chip/mt7687/src/hal_eint.o
LOAD build/Libraries/chip/mt7687/src/hal_nvic.o
LOAD build/Libraries/chip/mt7687/src/hal_nvic_internal.o
LOAD build/Libraries/chip/mt7687/src/hal_flash.o
LOAD build/Libraries/chip/mt7687/src/hal_gpio.o
LOAD build/Libraries/chip/mt7687/src/hal_i2c_master.o
LOAD build/Libraries/chip/mt7687/src/hal_i2s.o
LOAD build/Libraries/chip/mt7687/src/hal_irtx.o
LOAD build/Libraries/chip/mt7687/src/hal_gdma.o
LOAD build/Libraries/chip/mt7687/src/hal_gpt.o
LOAD build/Libraries/chip/mt7687/src/hal_md5.o
LOAD build/Libraries/chip/mt7687/src/hal_pwm.o
LOAD build/Libraries/chip/mt7687/src/hal_rtc.o
LOAD build/Libraries/chip/mt7687/src/hal_sha.o
LOAD build/Libraries/chip/mt7687/src/hal_spi_master.o
LOAD build/Libraries/chip/mt7687/src/hal_spi_slave.o
LOAD build/Libraries/chip/mt7687/src/hal_uart.o
LOAD build/Libraries/chip/mt7687/src/hal_audio_internal_service.o
LOAD build/Libraries/chip/mt7687/src/hal_wdt.o
LOAD build/Libraries/chip/mt7687/src/hal_misc.o
LOAD build/Libraries/chip/mt7687/src/hal_dwt.o
LOAD build/Libraries/chip/mt7687/src_core/hal_efuse.o
LOAD build/Libraries/chip/mt7687/src_core/hal_sleep_driver.o
LOAD build/Libraries/chip/mt7687/src_core/hal_sleep_manager.o
LOAD build/Libraries/board/mt76x7_hdk/external_flash/src/bsp_flash_config.o
LOAD build/Libraries/service/src/syslog.o
LOAD build/Libraries/startup/mt7687/gcc/system_mt7687.o
LOAD build/Libraries/startup/mt7687/gcc/main.o
LOAD build/Libraries/startup/mt7687/gcc/startup_mt7687.o
LOAD build/kernel/src/clock.o
LOAD build/kernel/src/device.o
LOAD build/kernel/src/idle.o
LOAD build/kernel/src/ipc.o
LOAD build/kernel/src/irq.o
LOAD build/kernel/src/kservice.o
LOAD build/kernel/src/mem.o
LOAD build/kernel/src/mempool.o
LOAD build/kernel/src/object.o
LOAD build/kernel/src/scheduler.o
LOAD build/kernel/src/thread.o
LOAD build/kernel/src/timer.o
LOAD build/kernel/libcpu/arm/cortex-m4/cpuport.o
LOAD build/kernel/libcpu/arm/cortex-m4/context_gcc.o
LOAD build/kernel/libcpu/arm/common/backtrace.o
LOAD build/kernel/libcpu/arm/common/div0.o
LOAD build/kernel/libcpu/arm/common/showmem.o
LOAD build/kernel/components/libc/newlib/libc.o
LOAD build/kernel/components/libc/newlib/libc_sym.o
LOAD build/kernel/components/libc/newlib/syscalls.o
LOAD build/kernel/components/drivers/misc/pin.o
LOAD build/kernel/components/drivers/serial/serial.o
LOAD build/kernel/components/drivers/src/completion.o
LOAD build/kernel/components/drivers/src/dataqueue.o
LOAD build/kernel/components/drivers/src/pipe.o
LOAD build/kernel/components/drivers/src/portal.o
LOAD build/kernel/components/drivers/src/ringbuffer.o
LOAD build/kernel/components/drivers/src/workqueue.o
LOAD /opt/gcc-arm-none-eabi/bin/../lib/gcc/arm-none-eabi/4.8.4/../../../../arm-none-eabi/lib/armv7e-m/fpu/libc_s.a
LOAD /opt/gcc-arm-none-eabi/bin/../lib/gcc/arm-none-eabi/4.8.4/../../../../arm-none-eabi/lib/armv7e-m/fpu/libm.a
START GROUP
LOAD /opt/gcc-arm-none-eabi/bin/../lib/gcc/arm-none-eabi/4.8.4/armv7e-m/fpu/libgcc.a
LOAD /opt/gcc-arm-none-eabi/bin/../lib/gcc/arm-none-eabi/4.8.4/../../../../arm-none-eabi/lib/armv7e-m/fpu/libc_s.a
END GROUP
START GROUP
LOAD /opt/gcc-arm-none-eabi/bin/../lib/gcc/arm-none-eabi/4.8.4/armv7e-m/fpu/libgcc.a
LOAD /opt/gcc-arm-none-eabi/bin/../lib/gcc/arm-none-eabi/4.8.4/../../../../arm-none-eabi/lib/armv7e-m/fpu/libc_s.a
END GROUP
OUTPUT(rtthread-mtk7697.elf elf32-littlearm)

.debug_info     0x00000000    0x1aa89
 .debug_info    0x00000000      0xfb2 build/Libraries/chip/mt7687/src/common/flash_sfc.o
 .debug_info    0x00000fb2      0x6b9 build/Libraries/chip/mt7687/src/common/gpt.o
 .debug_info    0x0000166b     0x18ac build/Libraries/chip/mt7687/src/common/hal_gpio_7687.o
 .debug_info    0x00002f17      0x334 build/Libraries/chip/mt7687/src/common/hal_pinmux.o
 .debug_info    0x0000324b      0x510 build/Libraries/chip/mt7687/src/common/nvic.o
 .debug_info    0x0000375b      0x3c8 build/Libraries/chip/mt7687/src/common/pinmux.o
 .debug_info    0x00003b23      0xaff build/Libraries/chip/mt7687/src/common/sfc.o
 .debug_info    0x00004622     0x1df2 build/Libraries/chip/mt7687/src/common/spi_flash.o
 .debug_info    0x00006414      0x4dc build/Libraries/chip/mt7687/src/common/timer.o
 .debug_info    0x000068f0      0xb08 build/Libraries/chip/mt7687/src/common/top.o
 .debug_info    0x000073f8      0xc30 build/Libraries/chip/mt7687/src/common/uart.o
 .debug_info    0x00008028      0x226 build/Libraries/chip/mt7687/src/hal_log.o
 .debug_info    0x0000824e      0xb4b build/Libraries/chip/mt7687/src/hal_cache.o
 .debug_info    0x00008d99      0x335 build/Libraries/chip/mt7687/src/hal_cache_internal.o
 .debug_info    0x000090ce      0xb2a build/Libraries/chip/mt7687/src/hal_nvic.o
 .debug_info    0x00009bf8      0x812 build/Libraries/chip/mt7687/src/hal_gpio.o
 .debug_info    0x0000a40a      0xa6b build/Libraries/chip/mt7687/src/hal_gpt.o
 .debug_info    0x0000ae75     0x1c8b build/Libraries/chip/mt7687/src/hal_uart.o
 .debug_info    0x0000cb00      0x89a build/Libraries/chip/mt7687/src_core/hal_sleep_driver.o
 .debug_info    0x0000d39a      0x833 build/Libraries/chip/mt7687/src_core/hal_sleep_manager.o
 .debug_info    0x0000dbcd      0x28d build/Libraries/board/mt76x7_hdk/external_flash/src/bsp_flash_config.o
 .debug_info    0x0000de5a      0x4f5 build/Libraries/startup/mt7687/gcc/system_mt7687.o
 .debug_info    0x0000e34f      0x59e build/Libraries/startup/mt7687/gcc/main.o
 .debug_info    0x0000e8ed       0x8b build/Libraries/startup/mt7687/gcc/startup_mt7687.o
 .debug_info    0x0000e978      0x48f build/kernel/src/clock.o
 .debug_info    0x0000ee07      0xeba build/kernel/src/device.o
 .debug_info    0x0000fcc1     0x3b9f build/kernel/src/ipc.o
 .debug_info    0x00013860      0x147 build/kernel/src/irq.o
 .debug_info    0x000139a7     0x167a build/kernel/src/kservice.o
 .debug_info    0x00015021      0xce8 build/kernel/src/mem.o
 .debug_info    0x00015d09      0x969 build/kernel/src/scheduler.o
 .debug_info    0x00016672     0x14fc build/kernel/src/thread.o
 .debug_info    0x00017b6e      0xc99 build/kernel/src/timer.o
 .debug_info    0x00018807      0x764 build/kernel/libcpu/arm/cortex-m4/cpuport.o
 .debug_info    0x00018f6b       0xa7 build/kernel/libcpu/arm/cortex-m4/context_gcc.o
 .debug_info    0x00019012     0x1a77 build/kernel/components/libc/newlib/syscalls.o

.debug_abbrev   0x00000000     0x53d6
 .debug_abbrev  0x00000000      0x35d build/Libraries/chip/mt7687/src/common/flash_sfc.o
 .debug_abbrev  0x0000035d      0x25f build/Libraries/chip/mt7687/src/common/gpt.o
 .debug_abbrev  0x000005bc      0x373 build/Libraries/chip/mt7687/src/common/hal_gpio_7687.o
 .debug_abbrev  0x0000092f       0xd3 build/Libraries/chip/mt7687/src/common/hal_pinmux.o
 .debug_abbrev  0x00000a02      0x19f build/Libraries/chip/mt7687/src/common/nvic.o
 .debug_abbrev  0x00000ba1       0xc4 build/Libraries/chip/mt7687/src/common/pinmux.o
 .debug_abbrev  0x00000c65      0x3da build/Libraries/chip/mt7687/src/common/sfc.o
 .debug_abbrev  0x0000103f      0x3ce build/Libraries/chip/mt7687/src/common/spi_flash.o
 .debug_abbrev  0x0000140d      0x18f build/Libraries/chip/mt7687/src/common/timer.o
 .debug_abbrev  0x0000159c      0x27e build/Libraries/chip/mt7687/src/common/top.o
 .debug_abbrev  0x0000181a      0x270 build/Libraries/chip/mt7687/src/common/uart.o
 .debug_abbrev  0x00001a8a       0xae build/Libraries/chip/mt7687/src/hal_log.o
 .debug_abbrev  0x00001b38      0x245 build/Libraries/chip/mt7687/src/hal_cache.o
 .debug_abbrev  0x00001d7d       0xe4 build/Libraries/chip/mt7687/src/hal_cache_internal.o
 .debug_abbrev  0x00001e61      0x2f1 build/Libraries/chip/mt7687/src/hal_nvic.o
 .debug_abbrev  0x00002152      0x18a build/Libraries/chip/mt7687/src/hal_gpio.o
 .debug_abbrev  0x000022dc      0x270 build/Libraries/chip/mt7687/src/hal_gpt.o
 .debug_abbrev  0x0000254c      0x450 build/Libraries/chip/mt7687/src/hal_uart.o
 .debug_abbrev  0x0000299c      0x306 build/Libraries/chip/mt7687/src_core/hal_sleep_driver.o
 .debug_abbrev  0x00002ca2      0x299 build/Libraries/chip/mt7687/src_core/hal_sleep_manager.o
 .debug_abbrev  0x00002f3b      0x119 build/Libraries/board/mt76x7_hdk/external_flash/src/bsp_flash_config.o
 .debug_abbrev  0x00003054      0x18b build/Libraries/startup/mt7687/gcc/system_mt7687.o
 .debug_abbrev  0x000031df      0x1dc build/Libraries/startup/mt7687/gcc/main.o
 .debug_abbrev  0x000033bb       0x12 build/Libraries/startup/mt7687/gcc/startup_mt7687.o
 .debug_abbrev  0x000033cd      0x199 build/kernel/src/clock.o
 .debug_abbrev  0x00003566      0x267 build/kernel/src/device.o
 .debug_abbrev  0x000037cd      0x3b8 build/kernel/src/ipc.o
 .debug_abbrev  0x00003b85       0xd8 build/kernel/src/irq.o
 .debug_abbrev  0x00003c5d      0x432 build/kernel/src/kservice.o
 .debug_abbrev  0x0000408f      0x2c3 build/kernel/src/mem.o
 .debug_abbrev  0x00004352      0x305 build/kernel/src/scheduler.o
 .debug_abbrev  0x00004657      0x3b7 build/kernel/src/thread.o
 .debug_abbrev  0x00004a0e      0x3b4 build/kernel/src/timer.o
 .debug_abbrev  0x00004dc2      0x23b build/kernel/libcpu/arm/cortex-m4/cpuport.o
 .debug_abbrev  0x00004ffd       0x14 build/kernel/libcpu/arm/cortex-m4/context_gcc.o
 .debug_abbrev  0x00005011      0x3c5 build/kernel/components/libc/newlib/syscalls.o

.debug_loc      0x00000000     0xf231
 .debug_loc     0x00000000      0x824 build/Libraries/chip/mt7687/src/common/flash_sfc.o
 .debug_loc     0x00000824      0x3f6 build/Libraries/chip/mt7687/src/common/gpt.o
 .debug_loc     0x00000c1a     0x1726 build/Libraries/chip/mt7687/src/common/hal_gpio_7687.o
 .debug_loc     0x00002340      0x38b build/Libraries/chip/mt7687/src/common/hal_pinmux.o
 .debug_loc     0x000026cb      0x480 build/Libraries/chip/mt7687/src/common/pinmux.o
 .debug_loc     0x00002b4b      0x8fa build/Libraries/chip/mt7687/src/common/sfc.o
 .debug_loc     0x00003445     0x10cb build/Libraries/chip/mt7687/src/common/spi_flash.o
 .debug_loc     0x00004510      0x3bf build/Libraries/chip/mt7687/src/common/timer.o
 .debug_loc     0x000048cf      0x450 build/Libraries/chip/mt7687/src/common/top.o
 .debug_loc     0x00004d1f      0x98d build/Libraries/chip/mt7687/src/common/uart.o
 .debug_loc     0x000056ac       0x80 build/Libraries/chip/mt7687/src/hal_log.o
 .debug_loc     0x0000572c      0x5aa build/Libraries/chip/mt7687/src/hal_cache.o
 .debug_loc     0x00005cd6      0x526 build/Libraries/chip/mt7687/src/hal_nvic.o
 .debug_loc     0x000061fc      0x612 build/Libraries/chip/mt7687/src/hal_gpio.o
 .debug_loc     0x0000680e      0x70a build/Libraries/chip/mt7687/src/hal_gpt.o
 .debug_loc     0x00006f18     0x1006 build/Libraries/chip/mt7687/src/hal_uart.o
 .debug_loc     0x00007f1e      0x610 build/Libraries/chip/mt7687/src_core/hal_sleep_driver.o
 .debug_loc     0x0000852e      0x244 build/Libraries/chip/mt7687/src_core/hal_sleep_manager.o
 .debug_loc     0x00008772       0x71 build/Libraries/startup/mt7687/gcc/system_mt7687.o
 .debug_loc     0x000087e3       0x5e build/Libraries/startup/mt7687/gcc/main.o
 .debug_loc     0x00008841       0xc2 build/kernel/src/clock.o
 .debug_loc     0x00008903      0x696 build/kernel/src/device.o
 .debug_loc     0x00008f99     0x24ae build/kernel/src/ipc.o
 .debug_loc     0x0000b447       0x66 build/kernel/src/irq.o
 .debug_loc     0x0000b4ad     0x1a1f build/kernel/src/kservice.o
 .debug_loc     0x0000cecc      0x6f6 build/kernel/src/mem.o
 .debug_loc     0x0000d5c2      0x2eb build/kernel/src/scheduler.o
 .debug_loc     0x0000d8ad      0xa09 build/kernel/src/thread.o
 .debug_loc     0x0000e2b6      0x72e build/kernel/src/timer.o
 .debug_loc     0x0000e9e4      0x16d build/kernel/libcpu/arm/cortex-m4/cpuport.o
 .debug_loc     0x0000eb51      0x6e0 build/kernel/components/libc/newlib/syscalls.o

.debug_aranges  0x00000000     0x1108
 .debug_aranges
                0x00000000       0xa0 build/Libraries/chip/mt7687/src/common/flash_sfc.o
 .debug_aranges
                0x000000a0       0x58 build/Libraries/chip/mt7687/src/common/gpt.o
 .debug_aranges
                0x000000f8       0xc0 build/Libraries/chip/mt7687/src/common/hal_gpio_7687.o
 .debug_aranges
                0x000001b8       0x20 build/Libraries/chip/mt7687/src/common/hal_pinmux.o
 .debug_aranges
                0x000001d8       0x38 build/Libraries/chip/mt7687/src/common/nvic.o
 .debug_aranges
                0x00000210       0x20 build/Libraries/chip/mt7687/src/common/pinmux.o
 .debug_aranges
                0x00000230       0x90 build/Libraries/chip/mt7687/src/common/sfc.o
 .debug_aranges
                0x000002c0       0xf8 build/Libraries/chip/mt7687/src/common/spi_flash.o
 .debug_aranges
                0x000003b8       0x78 build/Libraries/chip/mt7687/src/common/timer.o
 .debug_aranges
                0x00000430       0x78 build/Libraries/chip/mt7687/src/common/top.o
 .debug_aranges
                0x000004a8       0xc8 build/Libraries/chip/mt7687/src/common/uart.o
 .debug_aranges
                0x00000570       0x40 build/Libraries/chip/mt7687/src/hal_log.o
 .debug_aranges
                0x000005b0       0x90 build/Libraries/chip/mt7687/src/hal_cache.o
 .debug_aranges
                0x00000640       0x18 build/Libraries/chip/mt7687/src/hal_cache_internal.o
 .debug_aranges
                0x00000658       0x78 build/Libraries/chip/mt7687/src/hal_nvic.o
 .debug_aranges
                0x000006d0       0x78 build/Libraries/chip/mt7687/src/hal_gpio.o
 .debug_aranges
                0x00000748       0x78 build/Libraries/chip/mt7687/src/hal_gpt.o
 .debug_aranges
                0x000007c0       0xe0 build/Libraries/chip/mt7687/src/hal_uart.o
 .debug_aranges
                0x000008a0       0xb0 build/Libraries/chip/mt7687/src_core/hal_sleep_driver.o
 .debug_aranges
                0x00000950       0x78 build/Libraries/chip/mt7687/src_core/hal_sleep_manager.o
 .debug_aranges
                0x000009c8       0x40 build/Libraries/board/mt76x7_hdk/external_flash/src/bsp_flash_config.o
 .debug_aranges
                0x00000a08       0x48 build/Libraries/startup/mt7687/gcc/system_mt7687.o
 .debug_aranges
                0x00000a50       0x28 build/Libraries/startup/mt7687/gcc/main.o
 .debug_aranges
                0x00000a78       0x28 build/Libraries/startup/mt7687/gcc/startup_mt7687.o
 .debug_aranges
                0x00000aa0       0x40 build/kernel/src/clock.o
 .debug_aranges
                0x00000ae0       0x78 build/kernel/src/device.o
 .debug_aranges
                0x00000b58      0x158 build/kernel/src/ipc.o
 .debug_aranges
                0x00000cb0       0x30 build/kernel/src/irq.o
 .debug_aranges
                0x00000ce0      0x110 build/kernel/src/kservice.o
 .debug_aranges
                0x00000df0       0x50 build/kernel/src/mem.o
 .debug_aranges
                0x00000e40       0x58 build/kernel/src/scheduler.o
 .debug_aranges
                0x00000e98       0x98 build/kernel/src/thread.o
 .debug_aranges
                0x00000f30       0x78 build/kernel/src/timer.o
 .debug_aranges
                0x00000fa8       0x38 build/kernel/libcpu/arm/cortex-m4/cpuport.o
 .debug_aranges
                0x00000fe0       0x20 build/kernel/libcpu/arm/cortex-m4/context_gcc.o
 .debug_aranges
                0x00001000      0x108 build/kernel/components/libc/newlib/syscalls.o

.debug_ranges   0x00000000     0x1310
 .debug_ranges  0x00000000       0x90 build/Libraries/chip/mt7687/src/common/flash_sfc.o
 .debug_ranges  0x00000090       0x60 build/Libraries/chip/mt7687/src/common/gpt.o
 .debug_ranges  0x000000f0       0xe0 build/Libraries/chip/mt7687/src/common/hal_gpio_7687.o
 .debug_ranges  0x000001d0       0x10 build/Libraries/chip/mt7687/src/common/hal_pinmux.o
 .debug_ranges  0x000001e0       0x28 build/Libraries/chip/mt7687/src/common/nvic.o
 .debug_ranges  0x00000208       0x10 build/Libraries/chip/mt7687/src/common/pinmux.o
 .debug_ranges  0x00000218       0x98 build/Libraries/chip/mt7687/src/common/sfc.o
 .debug_ranges  0x000002b0      0x108 build/Libraries/chip/mt7687/src/common/spi_flash.o
 .debug_ranges  0x000003b8       0x68 build/Libraries/chip/mt7687/src/common/timer.o
 .debug_ranges  0x00000420       0xc8 build/Libraries/chip/mt7687/src/common/top.o
 .debug_ranges  0x000004e8       0xb8 build/Libraries/chip/mt7687/src/common/uart.o
 .debug_ranges  0x000005a0       0x30 build/Libraries/chip/mt7687/src/hal_log.o
 .debug_ranges  0x000005d0       0x80 build/Libraries/chip/mt7687/src/hal_cache.o
 .debug_ranges  0x00000650       0x80 build/Libraries/chip/mt7687/src/hal_nvic.o
 .debug_ranges  0x000006d0       0x68 build/Libraries/chip/mt7687/src/hal_gpio.o
 .debug_ranges  0x00000738       0xc8 build/Libraries/chip/mt7687/src/hal_gpt.o
 .debug_ranges  0x00000800      0x1b0 build/Libraries/chip/mt7687/src/hal_uart.o
 .debug_ranges  0x000009b0       0xa0 build/Libraries/chip/mt7687/src_core/hal_sleep_driver.o
 .debug_ranges  0x00000a50       0x68 build/Libraries/chip/mt7687/src_core/hal_sleep_manager.o
 .debug_ranges  0x00000ab8       0x30 build/Libraries/board/mt76x7_hdk/external_flash/src/bsp_flash_config.o
 .debug_ranges  0x00000ae8       0x38 build/Libraries/startup/mt7687/gcc/system_mt7687.o
 .debug_ranges  0x00000b20       0x18 build/Libraries/startup/mt7687/gcc/main.o
 .debug_ranges  0x00000b38       0x20 build/Libraries/startup/mt7687/gcc/startup_mt7687.o
 .debug_ranges  0x00000b58       0x30 build/kernel/src/clock.o
 .debug_ranges  0x00000b88       0x68 build/kernel/src/device.o
 .debug_ranges  0x00000bf0      0x220 build/kernel/src/ipc.o
 .debug_ranges  0x00000e10       0x20 build/kernel/src/irq.o
 .debug_ranges  0x00000e30      0x120 build/kernel/src/kservice.o
 .debug_ranges  0x00000f50       0x70 build/kernel/src/mem.o
 .debug_ranges  0x00000fc0       0x60 build/kernel/src/scheduler.o
 .debug_ranges  0x00001020      0x120 build/kernel/src/thread.o
 .debug_ranges  0x00001140       0x98 build/kernel/src/timer.o
 .debug_ranges  0x000011d8       0x28 build/kernel/libcpu/arm/cortex-m4/cpuport.o
 .debug_ranges  0x00001200      0x110 build/kernel/components/libc/newlib/syscalls.o

.debug_line     0x00000000     0x6bcd
 .debug_line    0x00000000      0x406 build/Libraries/chip/mt7687/src/common/flash_sfc.o
 .debug_line    0x00000406      0x2b0 build/Libraries/chip/mt7687/src/common/gpt.o
 .debug_line    0x000006b6      0x5fd build/Libraries/chip/mt7687/src/common/hal_gpio_7687.o
 .debug_line    0x00000cb3      0x1db build/Libraries/chip/mt7687/src/common/hal_pinmux.o
 .debug_line    0x00000e8e      0x149 build/Libraries/chip/mt7687/src/common/nvic.o
 .debug_line    0x00000fd7      0x1b3 build/Libraries/chip/mt7687/src/common/pinmux.o
 .debug_line    0x0000118a      0x339 build/Libraries/chip/mt7687/src/common/sfc.o
 .debug_line    0x000014c3      0x559 build/Libraries/chip/mt7687/src/common/spi_flash.o
 .debug_line    0x00001a1c      0x23e build/Libraries/chip/mt7687/src/common/timer.o
 .debug_line    0x00001c5a      0x4a6 build/Libraries/chip/mt7687/src/common/top.o
 .debug_line    0x00002100      0x411 build/Libraries/chip/mt7687/src/common/uart.o
 .debug_line    0x00002511      0x13c build/Libraries/chip/mt7687/src/hal_log.o
 .debug_line    0x0000264d      0x365 build/Libraries/chip/mt7687/src/hal_cache.o
 .debug_line    0x000029b2      0x14b build/Libraries/chip/mt7687/src/hal_cache_internal.o
 .debug_line    0x00002afd      0x2fe build/Libraries/chip/mt7687/src/hal_nvic.o
 .debug_line    0x00002dfb      0x2aa build/Libraries/chip/mt7687/src/hal_gpio.o
 .debug_line    0x000030a5      0x351 build/Libraries/chip/mt7687/src/hal_gpt.o
 .debug_line    0x000033f6      0x5e5 build/Libraries/chip/mt7687/src/hal_uart.o
 .debug_line    0x000039db      0x365 build/Libraries/chip/mt7687/src_core/hal_sleep_driver.o
 .debug_line    0x00003d40      0x37b build/Libraries/chip/mt7687/src_core/hal_sleep_manager.o
 .debug_line    0x000040bb      0x1a2 build/Libraries/board/mt76x7_hdk/external_flash/src/bsp_flash_config.o
 .debug_line    0x0000425d      0x1ab build/Libraries/startup/mt7687/gcc/system_mt7687.o
 .debug_line    0x00004408      0x1b2 build/Libraries/startup/mt7687/gcc/main.o
 .debug_line    0x000045ba       0xb2 build/Libraries/startup/mt7687/gcc/startup_mt7687.o
 .debug_line    0x0000466c       0xfd build/kernel/src/clock.o
 .debug_line    0x00004769      0x235 build/kernel/src/device.o
 .debug_line    0x0000499e      0xa8e build/kernel/src/ipc.o
 .debug_line    0x0000542c       0xc7 build/kernel/src/irq.o
 .debug_line    0x000054f3      0x5ce build/kernel/src/kservice.o
 .debug_line    0x00005ac1      0x30e build/kernel/src/mem.o
 .debug_line    0x00005dcf      0x1d7 build/kernel/src/scheduler.o
 .debug_line    0x00005fa6      0x3b5 build/kernel/src/thread.o
 .debug_line    0x0000635b      0x285 build/kernel/src/timer.o
 .debug_line    0x000065e0      0x11a build/kernel/libcpu/arm/cortex-m4/cpuport.o
 .debug_line    0x000066fa       0xe0 build/kernel/libcpu/arm/cortex-m4/context_gcc.o
 .debug_line    0x000067da      0x3f3 build/kernel/components/libc/newlib/syscalls.o

.debug_str      0x00000000     0x6716
 .debug_str     0x00000000      0xa06 build/Libraries/chip/mt7687/src/common/flash_sfc.o
                                0xaf1 (size before relaxing)
 .debug_str     0x00000a06      0x4d7 build/Libraries/chip/mt7687/src/common/gpt.o
                                0x73e (size before relaxing)
 .debug_str     0x00000edd      0xc5f build/Libraries/chip/mt7687/src/common/hal_gpio_7687.o
                               0x12e9 (size before relaxing)
 .debug_str     0x00001b3c       0x3f build/Libraries/chip/mt7687/src/common/hal_pinmux.o
                                0x6d4 (size before relaxing)
 .debug_str     0x00001b7b       0x7b build/Libraries/chip/mt7687/src/common/nvic.o
                                0x3b6 (size before relaxing)
 .debug_str     0x00001bf6       0x43 build/Libraries/chip/mt7687/src/common/pinmux.o
                                0x8a1 (size before relaxing)
 .debug_str     0x00001c39      0x1ce build/Libraries/chip/mt7687/src/common/sfc.o
                                0x4a1 (size before relaxing)
 .debug_str     0x00001e07      0x4c1 build/Libraries/chip/mt7687/src/common/spi_flash.o
                                0xbb0 (size before relaxing)
 .debug_str     0x000022c8       0xc8 build/Libraries/chip/mt7687/src/common/timer.o
                                0x3cb (size before relaxing)
 .debug_str     0x00002390      0x1ca build/Libraries/chip/mt7687/src/common/top.o
                                0x426 (size before relaxing)
 .debug_str     0x0000255a      0x476 build/Libraries/chip/mt7687/src/common/uart.o
                                0xa2b (size before relaxing)
 .debug_str     0x000029d0       0x81 build/Libraries/chip/mt7687/src/hal_log.o
                                0x2c8 (size before relaxing)
 .debug_str     0x00002a51      0x631 build/Libraries/chip/mt7687/src/hal_cache.o
                                0xa1d (size before relaxing)
 .debug_str     0x00003082       0x2f build/Libraries/chip/mt7687/src/hal_cache_internal.o
                                0x49a (size before relaxing)
 .debug_str     0x000030b1      0x17f build/Libraries/chip/mt7687/src/hal_nvic.o
                                0x8de (size before relaxing)
 .debug_str     0x00003230      0x4d9 build/Libraries/chip/mt7687/src/hal_gpio.o
                                0x923 (size before relaxing)
 .debug_str     0x00003709      0x2d8 build/Libraries/chip/mt7687/src/hal_gpt.o
                                0x739 (size before relaxing)
 .debug_str     0x000039e1      0xb05 build/Libraries/chip/mt7687/src/hal_uart.o
                               0x1554 (size before relaxing)
 .debug_str     0x000044e6      0x36c build/Libraries/chip/mt7687/src_core/hal_sleep_driver.o
                                0x670 (size before relaxing)
 .debug_str     0x00004852      0x1d0 build/Libraries/chip/mt7687/src_core/hal_sleep_manager.o
                                0x8f3 (size before relaxing)
 .debug_str     0x00004a22       0xc6 build/Libraries/board/mt76x7_hdk/external_flash/src/bsp_flash_config.o
                                0x3d3 (size before relaxing)
 .debug_str     0x00004ae8       0xa5 build/Libraries/startup/mt7687/gcc/system_mt7687.o
                                0x445 (size before relaxing)
 .debug_str     0x00004b8d       0x89 build/Libraries/startup/mt7687/gcc/main.o
                                0x852 (size before relaxing)
 .debug_str     0x00004c16      0x1f9 build/kernel/src/clock.o
                                0x431 (size before relaxing)
 .debug_str     0x00004e0f      0x531 build/kernel/src/device.o
                                0x8f2 (size before relaxing)
 .debug_str     0x00005340      0x4f3 build/kernel/src/ipc.o
                                0xa52 (size before relaxing)
 .debug_str     0x00005833       0x65 build/kernel/src/irq.o
                                0x287 (size before relaxing)
 .debug_str     0x00005898      0x2bd build/kernel/src/kservice.o
                                0x979 (size before relaxing)
 .debug_str     0x00005b55      0x116 build/kernel/src/mem.o
                                0x485 (size before relaxing)
 .debug_str     0x00005c6b      0x1bf build/kernel/src/scheduler.o
                                0x60e (size before relaxing)
 .debug_str     0x00005e2a      0x13f build/kernel/src/thread.o
                                0x858 (size before relaxing)
 .debug_str     0x00005f69      0x113 build/kernel/src/timer.o
                                0x638 (size before relaxing)
 .debug_str     0x0000607c      0x134 build/kernel/libcpu/arm/cortex-m4/cpuport.o
                                0x4d6 (size before relaxing)
 .debug_str     0x000061b0      0x566 build/kernel/components/libc/newlib/syscalls.o
                                0xcb2 (size before relaxing)

.comment        0x00000000       0x70
 .comment       0x00000000       0x70 build/Libraries/chip/mt7687/src/common/flash_sfc.o
                                 0x71 (size before relaxing)
 .comment       0x00000000       0x71 build/Libraries/chip/mt7687/src/common/gpt.o
 .comment       0x00000000       0x71 build/Libraries/chip/mt7687/src/common/hal_gpio_7687.o
 .comment       0x00000000       0x71 build/Libraries/chip/mt7687/src/common/hal_pinmux.o
 .comment       0x00000000       0x71 build/Libraries/chip/mt7687/src/common/nvic.o
 .comment       0x00000000       0x71 build/Libraries/chip/mt7687/src/common/pinmux.o
 .comment       0x00000000       0x71 build/Libraries/chip/mt7687/src/common/sfc.o
 .comment       0x00000000       0x71 build/Libraries/chip/mt7687/src/common/spi_flash.o
 .comment       0x00000000       0x71 build/Libraries/chip/mt7687/src/common/timer.o
 .comment       0x00000000       0x71 build/Libraries/chip/mt7687/src/common/top.o
 .comment       0x00000000       0x71 build/Libraries/chip/mt7687/src/common/uart.o
 .comment       0x00000000       0x71 build/Libraries/chip/mt7687/src/hal_log.o
 .comment       0x00000000       0x71 build/Libraries/chip/mt7687/src/hal_cache.o
 .comment       0x00000000       0x71 build/Libraries/chip/mt7687/src/hal_cache_internal.o
 .comment       0x00000000       0x71 build/Libraries/chip/mt7687/src/hal_nvic.o
 .comment       0x00000000       0x71 build/Libraries/chip/mt7687/src/hal_gpio.o
 .comment       0x00000000       0x71 build/Libraries/chip/mt7687/src/hal_gpt.o
 .comment       0x00000000       0x71 build/Libraries/chip/mt7687/src/hal_uart.o
 .comment       0x00000000       0x71 build/Libraries/chip/mt7687/src_core/hal_sleep_driver.o
 .comment       0x00000000       0x71 build/Libraries/chip/mt7687/src_core/hal_sleep_manager.o
 .comment       0x00000000       0x71 build/Libraries/board/mt76x7_hdk/external_flash/src/bsp_flash_config.o
 .comment       0x00000000       0x71 build/Libraries/startup/mt7687/gcc/system_mt7687.o
 .comment       0x00000000       0x71 build/Libraries/startup/mt7687/gcc/main.o
 .comment       0x00000000       0x71 build/kernel/src/clock.o
 .comment       0x00000000       0x71 build/kernel/src/device.o
 .comment       0x00000000       0x71 build/kernel/src/ipc.o
 .comment       0x00000000       0x71 build/kernel/src/irq.o
 .comment       0x00000000       0x71 build/kernel/src/kservice.o
 .comment       0x00000000       0x71 build/kernel/src/mem.o
 .comment       0x00000000       0x71 build/kernel/src/scheduler.o
 .comment       0x00000000       0x71 build/kernel/src/thread.o
 .comment       0x00000000       0x71 build/kernel/src/timer.o
 .comment       0x00000000       0x71 build/kernel/libcpu/arm/cortex-m4/cpuport.o
 .comment       0x00000000       0x71 build/kernel/components/libc/newlib/syscalls.o

.ARM.attributes
                0x00000000       0x37
 .ARM.attributes
                0x00000000       0x39 build/Libraries/chip/mt7687/src/common/flash_sfc.o
 .ARM.attributes
                0x00000039       0x39 build/Libraries/chip/mt7687/src/common/gpt.o
 .ARM.attributes
                0x00000072       0x39 build/Libraries/chip/mt7687/src/common/hal_gpio_7687.o
 .ARM.attributes
                0x000000ab       0x39 build/Libraries/chip/mt7687/src/common/hal_pinmux.o
 .ARM.attributes
                0x000000e4       0x39 build/Libraries/chip/mt7687/src/common/nvic.o
 .ARM.attributes
                0x0000011d       0x39 build/Libraries/chip/mt7687/src/common/pinmux.o
 .ARM.attributes
                0x00000156       0x39 build/Libraries/chip/mt7687/src/common/sfc.o
 .ARM.attributes
                0x0000018f       0x39 build/Libraries/chip/mt7687/src/common/spi_flash.o
 .ARM.attributes
                0x000001c8       0x39 build/Libraries/chip/mt7687/src/common/timer.o
 .ARM.attributes
                0x00000201       0x39 build/Libraries/chip/mt7687/src/common/top.o
 .ARM.attributes
                0x0000023a       0x39 build/Libraries/chip/mt7687/src/common/uart.o
 .ARM.attributes
                0x00000273       0x39 build/Libraries/chip/mt7687/src/hal_log.o
 .ARM.attributes
                0x000002ac       0x39 build/Libraries/chip/mt7687/src/hal_cache.o
 .ARM.attributes
                0x000002e5       0x39 build/Libraries/chip/mt7687/src/hal_cache_internal.o
 .ARM.attributes
                0x0000031e       0x39 build/Libraries/chip/mt7687/src/hal_nvic.o
 .ARM.attributes
                0x00000357       0x39 build/Libraries/chip/mt7687/src/hal_gpio.o
 .ARM.attributes
                0x00000390       0x39 build/Libraries/chip/mt7687/src/hal_gpt.o
 .ARM.attributes
                0x000003c9       0x39 build/Libraries/chip/mt7687/src/hal_uart.o
 .ARM.attributes
                0x00000402       0x39 build/Libraries/chip/mt7687/src_core/hal_sleep_driver.o
 .ARM.attributes
                0x0000043b       0x39 build/Libraries/chip/mt7687/src_core/hal_sleep_manager.o
 .ARM.attributes
                0x00000474       0x39 build/Libraries/board/mt76x7_hdk/external_flash/src/bsp_flash_config.o
 .ARM.attributes
                0x000004ad       0x39 build/Libraries/startup/mt7687/gcc/system_mt7687.o
 .ARM.attributes
                0x000004e6       0x39 build/Libraries/startup/mt7687/gcc/main.o
 .ARM.attributes
                0x0000051f       0x1f build/Libraries/startup/mt7687/gcc/startup_mt7687.o
 .ARM.attributes
                0x0000053e       0x39 build/kernel/src/clock.o
 .ARM.attributes
                0x00000577       0x39 build/kernel/src/device.o
 .ARM.attributes
                0x000005b0       0x39 build/kernel/src/ipc.o
 .ARM.attributes
                0x000005e9       0x39 build/kernel/src/irq.o
 .ARM.attributes
                0x00000622       0x39 build/kernel/src/kservice.o
 .ARM.attributes
                0x0000065b       0x39 build/kernel/src/mem.o
 .ARM.attributes
                0x00000694       0x39 build/kernel/src/scheduler.o
 .ARM.attributes
                0x000006cd       0x39 build/kernel/src/thread.o
 .ARM.attributes
                0x00000706       0x39 build/kernel/src/timer.o
 .ARM.attributes
                0x0000073f       0x39 build/kernel/libcpu/arm/cortex-m4/cpuport.o
 .ARM.attributes
                0x00000778       0x25 build/kernel/libcpu/arm/cortex-m4/context_gcc.o
 .ARM.attributes
                0x0000079d       0x39 build/kernel/components/libc/newlib/syscalls.o
 .ARM.attributes
                0x000007d6       0x34 /opt/gcc-arm-none-eabi/bin/../lib/gcc/arm-none-eabi/4.8.4/../../../../arm-none-eabi/lib/armv7e-m/fpu/libc_s.a(lib_a-assert.o)
 .ARM.attributes
                0x0000080a       0x34 /opt/gcc-arm-none-eabi/bin/../lib/gcc/arm-none-eabi/4.8.4/../../../../arm-none-eabi/lib/armv7e-m/fpu/libc_s.a(lib_a-fprintf.o)
 .ARM.attributes
                0x0000083e       0x34 /opt/gcc-arm-none-eabi/bin/../lib/gcc/arm-none-eabi/4.8.4/../../../../arm-none-eabi/lib/armv7e-m/fpu/libc_s.a(lib_a-impure.o)
 .ARM.attributes
                0x00000872       0x34 /opt/gcc-arm-none-eabi/bin/../lib/gcc/arm-none-eabi/4.8.4/../../../../arm-none-eabi/lib/armv7e-m/fpu/libc_s.a(lib_a-memcpy-stub.o)
 .ARM.attributes
                0x000008a6       0x34 /opt/gcc-arm-none-eabi/bin/../lib/gcc/arm-none-eabi/4.8.4/../../../../arm-none-eabi/lib/armv7e-m/fpu/libc_s.a(lib_a-memset.o)
 .ARM.attributes
                0x000008da       0x34 /opt/gcc-arm-none-eabi/bin/../lib/gcc/arm-none-eabi/4.8.4/../../../../arm-none-eabi/lib/armv7e-m/fpu/libc_s.a(lib_a-printf.o)
 .ARM.attributes
                0x0000090e       0x34 /opt/gcc-arm-none-eabi/bin/../lib/gcc/arm-none-eabi/4.8.4/../../../../arm-none-eabi/lib/armv7e-m/fpu/libc_s.a(lib_a-strlen.o)
 .ARM.attributes
                0x00000942       0x34 /opt/gcc-arm-none-eabi/bin/../lib/gcc/arm-none-eabi/4.8.4/../../../../arm-none-eabi/lib/armv7e-m/fpu/libc_s.a(lib_a-vfprintf.o)
 .ARM.attributes
                0x00000976       0x34 /opt/gcc-arm-none-eabi/bin/../lib/gcc/arm-none-eabi/4.8.4/../../../../arm-none-eabi/lib/armv7e-m/fpu/libc_s.a(lib_a-vfprintf_i.o)
 .ARM.attributes
                0x000009aa       0x34 /opt/gcc-arm-none-eabi/bin/../lib/gcc/arm-none-eabi/4.8.4/../../../../arm-none-eabi/lib/armv7e-m/fpu/libc_s.a(lib_a-wbuf.o)
 .ARM.attributes
                0x000009de       0x34 /opt/gcc-arm-none-eabi/bin/../lib/gcc/arm-none-eabi/4.8.4/../../../../arm-none-eabi/lib/armv7e-m/fpu/libc_s.a(lib_a-wsetup.o)
 .ARM.attributes
                0x00000a12       0x34 /opt/gcc-arm-none-eabi/bin/../lib/gcc/arm-none-eabi/4.8.4/../../../../arm-none-eabi/lib/armv7e-m/fpu/libc_s.a(lib_a-fflush.o)
 .ARM.attributes
                0x00000a46       0x34 /opt/gcc-arm-none-eabi/bin/../lib/gcc/arm-none-eabi/4.8.4/../../../../arm-none-eabi/lib/armv7e-m/fpu/libc_s.a(lib_a-findfp.o)
 .ARM.attributes
                0x00000a7a       0x34 /opt/gcc-arm-none-eabi/bin/../lib/gcc/arm-none-eabi/4.8.4/../../../../arm-none-eabi/lib/armv7e-m/fpu/libc_s.a(lib_a-makebuf.o)
 .ARM.attributes
                0x00000aae       0x34 /opt/gcc-arm-none-eabi/bin/../lib/gcc/arm-none-eabi/4.8.4/../../../../arm-none-eabi/lib/armv7e-m/fpu/libc_s.a(lib_a-memchr-stub.o)
 .ARM.attributes
                0x00000ae2       0x34 /opt/gcc-arm-none-eabi/bin/../lib/gcc/arm-none-eabi/4.8.4/../../../../arm-none-eabi/lib/armv7e-m/fpu/libc_s.a(lib_a-stdio.o)

.debug_frame    0x00000000     0x3094
 .debug_frame   0x00000000      0x1b8 build/Libraries/chip/mt7687/src/common/flash_sfc.o
 .debug_frame   0x000001b8       0xbc build/Libraries/chip/mt7687/src/common/gpt.o
 .debug_frame   0x00000274      0x214 build/Libraries/chip/mt7687/src/common/hal_gpio_7687.o
 .debug_frame   0x00000488       0x20 build/Libraries/chip/mt7687/src/common/hal_pinmux.o
 .debug_frame   0x000004a8       0x50 build/Libraries/chip/mt7687/src/common/nvic.o
 .debug_frame   0x000004f8       0x28 build/Libraries/chip/mt7687/src/common/pinmux.o
 .debug_frame   0x00000520      0x178 build/Libraries/chip/mt7687/src/common/sfc.o
 .debug_frame   0x00000698      0x34c build/Libraries/chip/mt7687/src/common/spi_flash.o
 .debug_frame   0x000009e4      0x100 build/Libraries/chip/mt7687/src/common/timer.o
 .debug_frame   0x00000ae4      0x124 build/Libraries/chip/mt7687/src/common/top.o
 .debug_frame   0x00000c08      0x1d8 build/Libraries/chip/mt7687/src/common/uart.o
 .debug_frame   0x00000de0       0x80 build/Libraries/chip/mt7687/src/hal_log.o
 .debug_frame   0x00000e60      0x158 build/Libraries/chip/mt7687/src/hal_cache.o
 .debug_frame   0x00000fb8       0xf4 build/Libraries/chip/mt7687/src/hal_nvic.o
 .debug_frame   0x000010ac      0x130 build/Libraries/chip/mt7687/src/hal_gpio.o
 .debug_frame   0x000011dc      0x144 build/Libraries/chip/mt7687/src/hal_gpt.o
 .debug_frame   0x00001320      0x2bc build/Libraries/chip/mt7687/src/hal_uart.o
 .debug_frame   0x000015dc      0x1dc build/Libraries/chip/mt7687/src_core/hal_sleep_driver.o
 .debug_frame   0x000017b8      0x118 build/Libraries/chip/mt7687/src_core/hal_sleep_manager.o
 .debug_frame   0x000018d0       0x60 build/Libraries/board/mt76x7_hdk/external_flash/src/bsp_flash_config.o
 .debug_frame   0x00001930       0x78 build/Libraries/startup/mt7687/gcc/system_mt7687.o
 .debug_frame   0x000019a8       0x44 build/Libraries/startup/mt7687/gcc/main.o
 .debug_frame   0x000019ec       0x70 build/kernel/src/clock.o
 .debug_frame   0x00001a5c      0x158 build/kernel/src/device.o
 .debug_frame   0x00001bb4      0x4a0 build/kernel/src/ipc.o
 .debug_frame   0x00002054       0x50 build/kernel/src/irq.o
 .debug_frame   0x000020a4      0x354 build/kernel/src/kservice.o
 .debug_frame   0x000023f8       0xdc build/kernel/src/mem.o
 .debug_frame   0x000024d4       0xc8 build/kernel/src/scheduler.o
 .debug_frame   0x0000259c      0x1d0 build/kernel/src/thread.o
 .debug_frame   0x0000276c      0x140 build/kernel/src/timer.o
 .debug_frame   0x000028ac       0x6c build/kernel/libcpu/arm/cortex-m4/cpuport.o
 .debug_frame   0x00002918      0x244 build/kernel/components/libc/newlib/syscalls.o
 .debug_frame   0x00002b5c       0x48 /opt/gcc-arm-none-eabi/bin/../lib/gcc/arm-none-eabi/4.8.4/../../../../arm-none-eabi/lib/armv7e-m/fpu/libc_s.a(lib_a-assert.o)
 .debug_frame   0x00002ba4       0x58 /opt/gcc-arm-none-eabi/bin/../lib/gcc/arm-none-eabi/4.8.4/../../../../arm-none-eabi/lib/armv7e-m/fpu/libc_s.a(lib_a-fprintf.o)
 .debug_frame   0x00002bfc       0x28 /opt/gcc-arm-none-eabi/bin/../lib/gcc/arm-none-eabi/4.8.4/../../../../arm-none-eabi/lib/armv7e-m/fpu/libc_s.a(lib_a-memcpy-stub.o)
 .debug_frame   0x00002c24       0x20 /opt/gcc-arm-none-eabi/bin/../lib/gcc/arm-none-eabi/4.8.4/../../../../arm-none-eabi/lib/armv7e-m/fpu/libc_s.a(lib_a-memset.o)
 .debug_frame   0x00002c44       0x60 /opt/gcc-arm-none-eabi/bin/../lib/gcc/arm-none-eabi/4.8.4/../../../../arm-none-eabi/lib/armv7e-m/fpu/libc_s.a(lib_a-printf.o)
 .debug_frame   0x00002ca4       0x20 /opt/gcc-arm-none-eabi/bin/../lib/gcc/arm-none-eabi/4.8.4/../../../../arm-none-eabi/lib/armv7e-m/fpu/libc_s.a(lib_a-strlen.o)
 .debug_frame   0x00002cc4       0xa8 /opt/gcc-arm-none-eabi/bin/../lib/gcc/arm-none-eabi/4.8.4/../../../../arm-none-eabi/lib/armv7e-m/fpu/libc_s.a(lib_a-vfprintf.o)
 .debug_frame   0x00002d6c       0x60 /opt/gcc-arm-none-eabi/bin/../lib/gcc/arm-none-eabi/4.8.4/../../../../arm-none-eabi/lib/armv7e-m/fpu/libc_s.a(lib_a-vfprintf_i.o)
 .debug_frame   0x00002dcc       0x3c /opt/gcc-arm-none-eabi/bin/../lib/gcc/arm-none-eabi/4.8.4/../../../../arm-none-eabi/lib/armv7e-m/fpu/libc_s.a(lib_a-wbuf.o)
 .debug_frame   0x00002e08       0x2c /opt/gcc-arm-none-eabi/bin/../lib/gcc/arm-none-eabi/4.8.4/../../../../arm-none-eabi/lib/armv7e-m/fpu/libc_s.a(lib_a-wsetup.o)
 .debug_frame   0x00002e34       0x5c /opt/gcc-arm-none-eabi/bin/../lib/gcc/arm-none-eabi/4.8.4/../../../../arm-none-eabi/lib/armv7e-m/fpu/libc_s.a(lib_a-fflush.o)
 .debug_frame   0x00002e90      0x12c /opt/gcc-arm-none-eabi/bin/../lib/gcc/arm-none-eabi/4.8.4/../../../../arm-none-eabi/lib/armv7e-m/fpu/libc_s.a(lib_a-findfp.o)
 .debug_frame   0x00002fbc       0x30 /opt/gcc-arm-none-eabi/bin/../lib/gcc/arm-none-eabi/4.8.4/../../../../arm-none-eabi/lib/armv7e-m/fpu/libc_s.a(lib_a-makebuf.o)
 .debug_frame   0x00002fec       0x28 /opt/gcc-arm-none-eabi/bin/../lib/gcc/arm-none-eabi/4.8.4/../../../../arm-none-eabi/lib/armv7e-m/fpu/libc_s.a(lib_a-memchr-stub.o)
 .debug_frame   0x00003014       0x80 /opt/gcc-arm-none-eabi/bin/../lib/gcc/arm-none-eabi/4.8.4/../../../../arm-none-eabi/lib/armv7e-m/fpu/libc_s.a(lib_a-stdio.o)
